Component: ARM Compiler 5.05 update 1 (build 106) Tool: armlink [4d0efa]

==============================================================================

Section Cross References

    startup_stm32f407xx.o(RESET) refers to startup_stm32f407xx.o(STACK) for __initial_sp
    startup_stm32f407xx.o(RESET) refers to startup_stm32f407xx.o(.text) for Reset_Handler
    startup_stm32f407xx.o(RESET) refers to stm32f4xx_it.o(i.NMI_Handler) for NMI_Handler
    startup_stm32f407xx.o(RESET) refers to stm32f4xx_it.o(i.HardFault_Handler) for HardFault_Handler
    startup_stm32f407xx.o(RESET) refers to stm32f4xx_it.o(i.MemManage_Handler) for MemManage_Handler
    startup_stm32f407xx.o(RESET) refers to stm32f4xx_it.o(i.BusFault_Handler) for BusFault_Handler
    startup_stm32f407xx.o(RESET) refers to stm32f4xx_it.o(i.UsageFault_Handler) for UsageFault_Handler
    startup_stm32f407xx.o(RESET) refers to port.o(.emb_text) for SVC_Handler
    startup_stm32f407xx.o(RESET) refers to stm32f4xx_it.o(i.DebugMon_Handler) for DebugMon_Handler
    startup_stm32f407xx.o(RESET) refers to stm32f4xx_it.o(i.SysTick_Handler) for SysTick_Handler
    startup_stm32f407xx.o(RESET) refers to stm32f4xx_it.o(i.CAN1_TX_IRQHandler) for CAN1_TX_IRQHandler
    startup_stm32f407xx.o(RESET) refers to stm32f4xx_it.o(i.CAN1_RX0_IRQHandler) for CAN1_RX0_IRQHandler
    startup_stm32f407xx.o(RESET) refers to stm32f4xx_it.o(i.USART1_IRQHandler) for USART1_IRQHandler
    startup_stm32f407xx.o(RESET) refers to stm32f4xx_it.o(i.DMA2_Stream1_IRQHandler) for DMA2_Stream1_IRQHandler
    startup_stm32f407xx.o(RESET) refers to stm32f4xx_it.o(i.DMA2_Stream2_IRQHandler) for DMA2_Stream2_IRQHandler
    startup_stm32f407xx.o(RESET) refers to stm32f4xx_it.o(i.USART6_IRQHandler) for USART6_IRQHandler
    startup_stm32f407xx.o(.text) refers to system_stm32f4xx.o(i.SystemInit) for SystemInit
    startup_stm32f407xx.o(.text) refers to entry.o(.ARM.Collect$$$$00000000) for __main
    chassis_task.o(i.chassis_link_handle) refers to pid.o(i.pid_adjust) for pid_adjust
    chassis_task.o(i.chassis_link_handle) refers to pid.o(i.pid_ast) for pid_ast
    chassis_task.o(i.chassis_link_handle) refers to chassis_task.o(i.mecanum_algorithm) for mecanum_algorithm
    chassis_task.o(i.chassis_link_handle) refers to pid.o(.bss) for pid_link_out
    chassis_task.o(i.chassis_link_handle) refers to pid.o(.bss) for pid_link_in
    chassis_task.o(i.chassis_link_handle) refers to bsp_can.o(.bss) for gyro_yaw
    chassis_task.o(i.chassis_link_handle) refers to info_handle_task.o(.bss) for chassis
    chassis_task.o(i.chassis_param_init) refers to memseta.o(.text) for __aeabi_memclr4
    chassis_task.o(i.chassis_param_init) refers to pid.o(i.PID_struct_init) for PID_struct_init
    chassis_task.o(i.chassis_param_init) refers to bsp_can.o(.bss) for moto_chassis
    chassis_task.o(i.chassis_param_init) refers to pid.o(.bss) for pid_chassis
    chassis_task.o(i.chassis_param_init) refers to info_handle_task.o(.bss) for chassis
    chassis_task.o(i.chassis_param_init) refers to pid.o(.bss) for pid_link_out
    chassis_task.o(i.chassis_param_init) refers to pid.o(.bss) for pid_link_in
    chassis_task.o(i.chassis_task) refers to tasks.o(i.xTaskGetTickCount) for xTaskGetTickCount
    chassis_task.o(i.chassis_task) refers to port.o(i.vPortEnterCritical) for vPortEnterCritical
    chassis_task.o(i.chassis_task) refers to chassis_task.o(i.chassis_link_handle) for chassis_link_handle
    chassis_task.o(i.chassis_task) refers to pid.o(i.pid_ast) for pid_ast
    chassis_task.o(i.chassis_task) refers to bsp_can.o(i.send_chassis_cur) for send_chassis_cur
    chassis_task.o(i.chassis_task) refers to port.o(i.vPortExitCritical) for vPortExitCritical
    chassis_task.o(i.chassis_task) refers to cmsis_os.o(i.osDelayUntil) for osDelayUntil
    chassis_task.o(i.chassis_task) refers to info_handle_task.o(.bss) for chassis
    chassis_task.o(i.chassis_task) refers to bsp_can.o(.bss) for moto_chassis
    chassis_task.o(i.chassis_task) refers to pid.o(.bss) for pid_chassis
    chassis_task.o(i.gyro_algorithm) refers to f2d.o(.text) for __aeabi_f2d
    chassis_task.o(i.gyro_algorithm) refers to sqrt.o(i.__hardfp_sqrt) for __hardfp_sqrt
    chassis_task.o(i.gyro_algorithm) refers to d2f.o(.text) for __aeabi_d2f
    chassis_task.o(i.gyro_algorithm) refers to atan2.o(i.__hardfp_atan2) for __hardfp_atan2
    chassis_task.o(i.gyro_algorithm) refers to cosf.o(i.__hardfp_cosf) for __hardfp_cosf
    chassis_task.o(i.gyro_algorithm) refers to sinf.o(i.__hardfp_sinf) for __hardfp_sinf
    chassis_task.o(i.gyro_algorithm) refers to chassis_task.o(i.mecanum_algorithm) for mecanum_algorithm
    chassis_task.o(i.gyro_algorithm) refers to info_handle_task.o(.bss) for chassis
    chassis_task.o(i.gyro_algorithm) refers to chassis_task.o(.data) for .data
    chassis_task.o(i.mecanum_algorithm) refers to f2d.o(.text) for __aeabi_f2d
    chassis_task.o(i.mecanum_algorithm) refers to dmul.o(.text) for __aeabi_dmul
[...]
    i.Error_Handler                          0x08000db2   Section        0  main.o(i.Error_Handler)
    i.FirstSpace                             0x08000db4   Section        0  stmgood.o(i.FirstSpace)
    i.HAL_CAN_ActivateNotification           0x08000dcc   Section        0  stm32f4xx_hal_can.o(i.HAL_CAN_ActivateNotification)
    i.HAL_CAN_AddTxMessage                   0x08000df0   Section        0  stm32f4xx_hal_can.o(i.HAL_CAN_AddTxMessage)
    i.HAL_CAN_ConfigFilter                   0x08000eb8   Section        0  stm32f4xx_hal_can.o(i.HAL_CAN_ConfigFilter)
    i.HAL_CAN_ErrorCallback                  0x08000fc4   Section        0  stm32f4xx_hal_can.o(i.HAL_CAN_ErrorCallback)
    i.HAL_CAN_GetRxMessage                   0x08000fc6   Section        0  stm32f4xx_hal_can.o(i.HAL_CAN_GetRxMessage)
    i.HAL_CAN_IRQHandler                     0x080010ae   Section        0  stm32f4xx_hal_can.o(i.HAL_CAN_IRQHandler)
    i.HAL_CAN_Init                           0x080012aa   Section        0  stm32f4xx_hal_can.o(i.HAL_CAN_Init)
    i.HAL_CAN_MspInit                        0x080013c4   Section        0  can.o(i.HAL_CAN_MspInit)
    i.HAL_CAN_RxFifo0FullCallback            0x08001450   Section        0  stm32f4xx_hal_can.o(i.HAL_CAN_RxFifo0FullCallback)
    i.HAL_CAN_RxFifo0MsgPendingCallback      0x08001454   Section        0  bsp_can.o(i.HAL_CAN_RxFifo0MsgPendingCallback)
    i.HAL_CAN_RxFifo1FullCallback            0x080014ec   Section        0  stm32f4xx_hal_can.o(i.HAL_CAN_RxFifo1FullCallback)
    i.HAL_CAN_RxFifo1MsgPendingCallback      0x080014ee   Section        0  stm32f4xx_hal_can.o(i.HAL_CAN_RxFifo1MsgPendingCallback)
    i.HAL_CAN_SleepCallback                  0x080014f0   Section        0  stm32f4xx_hal_can.o(i.HAL_CAN_SleepCallback)
    i.HAL_CAN_Start                          0x080014f4   Section        0  stm32f4xx_hal_can.o(i.HAL_CAN_Start)
    i.HAL_CAN_TxMailbox0AbortCallback        0x0800154c   Section        0  stm32f4xx_hal_can.o(i.HAL_CAN_TxMailbox0AbortCallback)
    i.HAL_CAN_TxMailbox0CompleteCallback     0x0800154e   Section        0  stm32f4xx_hal_can.o(i.HAL_CAN_TxMailbox0CompleteCallback)
    i.HAL_CAN_TxMailbox1AbortCallback        0x08001550   Section        0  stm32f4xx_hal_can.o(i.HAL_CAN_TxMailbox1AbortCallback)
    i.HAL_CAN_TxMailbox1CompleteCallback     0x08001552   Section        0  stm32f4xx_hal_can.o(i.HAL_CAN_TxMailbox1CompleteCallback)
    i.HAL_CAN_TxMailbox2AbortCallback        0x08001554   Section        0  stm32f4xx_hal_can.o(i.HAL_CAN_TxMailbox2AbortCallback)
    i.HAL_CAN_TxMailbox2CompleteCallback     0x08001556   Section        0  stm32f4xx_hal_can.o(i.HAL_CAN_TxMailbox2CompleteCallback)
    i.HAL_CAN_WakeUpFromRxMsgCallback        0x08001558   Section        0  stm32f4xx_hal_can.o(i.HAL_CAN_WakeUpFromRxMsgCallback)
    i.HAL_DMA_Abort                          0x0800155a   Section        0  stm32f4xx_hal_dma.o(i.HAL_DMA_Abort)
    i.HAL_DMA_IRQHandler                     0x080015e8   Section        0  stm32f4xx_hal_dma.o(i.HAL_DMA_IRQHandler)
    i.HAL_DMA_Init                           0x08001788   Section        0  stm32f4xx_hal_dma.o(i.HAL_DMA_Init)
    i.HAL_DMA_Start_IT                       0x0800185c   Section        0  stm32f4xx_hal_dma.o(i.HAL_DMA_Start_IT)
    i.HAL_Delay                              0x080018d4   Section        0  stm32f4xx_hal.o(i.HAL_Delay)
    i.HAL_GPIO_Init                          0x080018f8   Section        0  stm32f4xx_hal_gpio.o(i.HAL_GPIO_Init)
    i.HAL_GPIO_TogglePin                     0x08001aa8   Section        0  stm32f4xx_hal_gpio.o(i.HAL_GPIO_TogglePin)
    i.HAL_GPIO_WritePin                      0x08001ab6   Section        0  stm32f4xx_hal_gpio.o(i.HAL_GPIO_WritePin)
    i.HAL_GetTick                            0x08001ac0   Section        0  stm32f4xx_hal.o(i.HAL_GetTick)
    i.HAL_IncTick                            0x08001acc   Section        0  stm32f4xx_hal.o(i.HAL_IncTick)
    i.HAL_Init                               0x08001adc   Section        0  stm32f4xx_hal.o(i.HAL_Init)
    i.HAL_InitTick                           0x08001b10   Section        0  stm32f4xx_hal.o(i.HAL_InitTick)
    i.HAL_MspInit                            0x08001b50   Section        0  stm32f4xx_hal_msp.o(i.HAL_MspInit)
    i.HAL_NVIC_EnableIRQ                     0x08001b88   Section        0  stm32f4xx_hal_cortex.o(i.HAL_NVIC_EnableIRQ)
    i.HAL_NVIC_SetPriority                   0x08001ba4   Section        0  stm32f4xx_hal_cortex.o(i.HAL_NVIC_SetPriority)
    i.HAL_NVIC_SetPriorityGrouping           0x08001be4   Section        0  stm32f4xx_hal_cortex.o(i.HAL_NVIC_SetPriorityGrouping)
    i.HAL_RCC_ClockConfig                    0x08001c08   Section        0  stm32f4xx_hal_rcc.o(i.HAL_RCC_ClockConfig)
    i.HAL_RCC_GetPCLK1Freq                   0x08001d38   Section        0  stm32f4xx_hal_rcc.o(i.HAL_RCC_GetPCLK1Freq)
    i.HAL_RCC_GetPCLK2Freq                   0x08001d58   Section        0  stm32f4xx_hal_rcc.o(i.HAL_RCC_GetPCLK2Freq)
    i.HAL_RCC_GetSysClockFreq                0x08001d78   Section        0  stm32f4xx_hal_rcc.o(i.HAL_RCC_GetSysClockFreq)
    i.HAL_RCC_OscConfig                      0x08001ddc   Section        0  stm32f4xx_hal_rcc.o(i.HAL_RCC_OscConfig)
    i.HAL_SYSTICK_Config                     0x080020f8   Section        0  stm32f4xx_hal_cortex.o(i.HAL_SYSTICK_Config)
    i.HAL_UART_DMAStop                       0x08002120   Section        0  stm32f4xx_hal_uart.o(i.HAL_UART_DMAStop)
    i.HAL_UART_ErrorCallback                 0x08002178   Section        0  bsp_uart.o(i.HAL_UART_ErrorCallback)
    i.HAL_UART_Init                          0x0800218a   Section        0  stm32f4xx_hal_uart.o(i.HAL_UART_Init)
    i.HAL_UART_MspInit                       0x080021ec   Section        0  usart.o(i.HAL_UART_MspInit)
    i.HAL_UART_Receive_DMA                   0x08002324   Section        0  stm32f4xx_hal_uart.o(i.HAL_UART_Receive_DMA)
    i.HAL_UART_RxCpltCallback                0x080023bc   Section        0  stm32f4xx_hal_uart.o(i.HAL_UART_RxCpltCallback)
    i.HAL_UART_RxHalfCpltCallback            0x080023be   Section        0  stm32f4xx_hal_uart.o(i.HAL_UART_RxHalfCpltCallback)
    i.HardFault_Handler                      0x080023c0   Section        0  stm32f4xx_it.o(i.HardFault_Handler)
    i.MX_CAN1_Init                           0x080023c4   Section        0  can.o(i.MX_CAN1_Init)
    i.MX_DMA_Init                            0x0800240c   Section        0  dma.o(i.MX_DMA_Init)
    i.MX_FREERTOS_Init                       0x08002448   Section        0  freertos.o(i.MX_FREERTOS_Init)
    i.MX_GPIO_Init                           0x0800249c   Section        0  gpio.o(i.MX_GPIO_Init)
    i.MX_USART1_UART_Init                    0x0800251c   Section        0  usart.o(i.MX_USART1_UART_Init)
    i.MX_USART6_UART_Init                    0x0800255c   Section        0  usart.o(i.MX_USART6_UART_Init)
    i.MemManage_Handler                      0x08002594   Section        0  stm32f4xx_it.o(i.MemManage_Handler)
    i.NMI_Handler                            0x08002596   Section        0  stm32f4xx_it.o(i.NMI_Handler)
    i.PID_struct_init                        0x08002598   Section        0  pid.o(i.PID_struct_init)
    i.SplitStr                               0x080025b6   Section        0  stmgood.o(i.SplitStr)
    i.StartDefaultTask                       0x08002608   Section        0  freertos.o(i.StartDefaultTask)
    i.StrToFloat                             0x080028ac   Section        0  stmgood.o(i.StrToFloat)
    i.Strlen                                 0x080029e0   Section        0  stmgood.o(i.Strlen)
    i.SubStr                                 0x080029f0   Section        0  stmgood.o(i.SubStr)
    i.SysTick_Handler                        0x08002a18   Section        0  stm32f4xx_it.o(i.SysTick_Handler)
    i.SystemClock_Config                     0x08002a30   Section        0  main.o(i.SystemClock_Config)
    i.SystemInit                             0x08002ab8   Section        0  system_stm32f4xx.o(i.SystemInit)
    i.UART_DMAError                          0x08002b0c   Section        0  stm32f4xx_hal_uart.o(i.UART_DMAError)
    UART_DMAError                            0x08002b0d   Thumb Code    74  stm32f4xx_hal_uart.o(i.UART_DMAError)
    i.UART_DMAReceiveCplt                    0x08002b56   Section        0  stm32f4xx_hal_uart.o(i.UART_DMAReceiveCplt)
    UART_DMAReceiveCplt                      0x08002b57   Thumb Code    60  stm32f4xx_hal_uart.o(i.UART_DMAReceiveCplt)
    i.UART_DMARxHalfCplt                     0x08002b92   Section        0  stm32f4xx_hal_uart.o(i.UART_DMARxHalfCplt)
    UART_DMARxHalfCplt                       0x08002b93   Thumb Code    10  stm32f4xx_hal_uart.o(i.UART_DMARxHalfCplt)
    i.UART_EndRxTransfer                     0x08002b9c   Section        0  stm32f4xx_hal_uart.o(i.UART_EndRxTransfer)
    UART_EndRxTransfer                       0x08002b9d   Thumb Code    28  stm32f4xx_hal_uart.o(i.UART_EndRxTransfer)
    i.UART_EndTxTransfer                     0x08002bb8   Section        0  stm32f4xx_hal_uart.o(i.UART_EndTxTransfer)
    UART_EndTxTransfer                       0x08002bb9   Thumb Code    18  stm32f4xx_hal_uart.o(i.UART_EndTxTransfer)
    i.UART_RX_IDLE_IRQ                       0x08002bcc   Section        0  bsp_uart.o(i.UART_RX_IDLE_IRQ)
    i.UART_SetConfig                         0x08002c44   Section        0  stm32f4xx_hal_uart.o(i.UART_SetConfig)
    UART_SetConfig                           0x08002c45   Thumb Code   676  stm32f4xx_hal_uart.o(i.UART_SetConfig)
    i.USART1_IRQHandler                      0x08002ef0   Section        0  stm32f4xx_it.o(i.USART1_IRQHandler)
    i.USART6_IRQHandler                      0x08002efc   Section        0  stm32f4xx_it.o(i.USART6_IRQHandler)
    i.UsageFault_Handler                     0x08002f08   Section        0  stm32f4xx_it.o(i.UsageFault_Handler)
    i.__0printf                              0x08002f0c   Section        0  printfa.o(i.__0printf)
    i.__NVIC_SetPriority                     0x08002f2c   Section        0  stm32f4xx_hal_cortex.o(i.__NVIC_SetPriority)
    __NVIC_SetPriority                       0x08002f2d   Thumb Code    32  stm32f4xx_hal_cortex.o(i.__NVIC_SetPriority)
    i.__hardfp_fabs                          0x08002f4c   Section        0  fabs.o(i.__hardfp_fabs)
    i.__scatterload_copy                     0x08002f60   Section       14  handlers.o(i.__scatterload_copy)
    i.__scatterload_null                     0x08002f6e   Section        2  handlers.o(i.__scatterload_null)
    i.__scatterload_zeroinit                 0x08002f70   Section       14  handlers.o(i.__scatterload_zeroinit)
    i._fp_digits                             0x08002f80   Section        0  printfa.o(i._fp_digits)
    _fp_digits                               0x08002f81   Thumb Code   334  printfa.o(i._fp_digits)
    i._printf_core                           0x080030e4   Section        0  printfa.o(i._printf_core)
    _printf_core                             0x080030e5   Thumb Code  1744  printfa.o(i._printf_core)
    i._printf_post_padding                   0x080037c0   Section        0  printfa.o(i._printf_post_padding)
    _printf_post_padding                     0x080037c1   Thumb Code    36  printfa.o(i._printf_post_padding)
    i._printf_pre_padding                    0x080037e4   Section        0  printfa.o(i._printf_pre_padding)
    _printf_pre_padding                      0x080037e5   Thumb Code    46  printfa.o(i._printf_pre_padding)
    i.can_debug                              0x08003814   Section        0  info_handle_task.o(i.can_debug)
    i.can_device_init                        0x08003864   Section        0  bsp_can.o(i.can_device_init)
    i.can_receive_start                      0x08003894   Section        0  bsp_can.o(i.can_receive_start)
    i.chassis_link_handle                    0x080038ac   Section        0  chassis_task.o(i.chassis_link_handle)
    i.chassis_param_init                     0x0800395c   Section        0  chassis_task.o(i.chassis_param_init)
    i.chassis_task                           0x08003a14   Section        0  chassis_task.o(i.chassis_task)
    i.cmd                                    0x08003b2c   Section        0  stmgood.o(i.cmd)
    i.fputc                                  0x08003d3c   Section        0  bsp_uart.o(i.fputc)
    i.get_main_ctrl_mode                     0x08003d54   Section        0  info_handle_task.o(i.get_main_ctrl_mode)
    i.go1                                    0x08003db8   Section        0  stmgood.o(i.go1)
    i.gyro_data_handle                       0x08003dc8   Section        0  bsp_can.o(i.gyro_data_handle)
    i.info_handle_task                       0x08003e24   Section        0  info_handle_task.o(i.info_handle_task)
    i.main                                   0x08003e40   Section        0  main.o(i.main)
    i.makeFreeRtosPriority                   0x08003e9c   Section        0  cmsis_os.o(i.makeFreeRtosPriority)
    makeFreeRtosPriority                     0x08003e9d   Thumb Code    12  cmsis_os.o(i.makeFreeRtosPriority)
    i.mecanum_algorithm                      0x08003ea8   Section        0  chassis_task.o(i.mecanum_algorithm)
    i.moto_info_init                         0x08003fa8   Section        0  info_handle_task.o(i.moto_info_init)
    i.multi1                                 0x08003fc0   Section        0  stmgood.o(i.multi1)
    i.multi2                                 0x08004040   Section        0  stmgood.o(i.multi2)
    i.multi3                                 0x0800407c   Section        0  stmgood.o(i.multi3)
    i.osDelay                                0x080040b8   Section        0  cmsis_os.o(i.osDelay)
    i.osDelayUntil                           0x080040c6   Section        0  cmsis_os.o(i.osDelayUntil)
    i.osKernelStart                          0x080040d4   Section        0  cmsis_os.o(i.osKernelStart)
    i.osThreadCreate                         0x080040de   Section        0  cmsis_os.o(i.osThreadCreate)
    i.pid_adjust                             0x08004132   Section        0  pid.o(i.pid_adjust)
    i.pid_ast                                0x08004138   Section        0  pid.o(i.pid_ast)
    i.prvAddCurrentTaskToDelayedList         0x080042c0   Section        0  tasks.o(i.prvAddCurrentTaskToDelayedList)
    prvAddCurrentTaskToDelayedList           0x080042c1   Thumb Code   102  tasks.o(i.prvAddCurrentTaskToDelayedList)
    i.prvAddNewTaskToReadyList               0x08004330   Section        0  tasks.o(i.prvAddNewTaskToReadyList)
    prvAddNewTaskToReadyList                 0x08004331   Thumb Code   194  tasks.o(i.prvAddNewTaskToReadyList)
    i.prvDeleteTCB                           0x08004400   Section        0  tasks.o(i.prvDeleteTCB)
    prvDeleteTCB                             0x08004401   Thumb Code    52  tasks.o(i.prvDeleteTCB)
    i.prvHeapInit                            0x08004434   Section        0  heap_4.o(i.prvHeapInit)
    prvHeapInit                              0x08004435   Thumb Code    66  heap_4.o(i.prvHeapInit)
    i.prvIdleTask                            0x08004480   Section        0  tasks.o(i.prvIdleTask)
    prvIdleTask                              0x08004481   Thumb Code    82  tasks.o(i.prvIdleTask)
    i.prvInitialiseNewTask                   0x080044e0   Section        0  tasks.o(i.prvInitialiseNewTask)
    prvInitialiseNewTask                     0x080044e1   Thumb Code   142  tasks.o(i.prvInitialiseNewTask)
    i.prvInsertBlockIntoFreeList             0x08004570   Section        0  heap_4.o(i.prvInsertBlockIntoFreeList)
    prvInsertBlockIntoFreeList               0x08004571   Thumb Code    72  heap_4.o(i.prvInsertBlockIntoFreeList)
    i.prvResetNextTaskUnblockTime            0x080045bc   Section        0  tasks.o(i.prvResetNextTaskUnblockTime)
    prvResetNextTaskUnblockTime              0x080045bd   Thumb Code    26  tasks.o(i.prvResetNextTaskUnblockTime)
    i.prvTaskExitError                       0x080045dc   Section        0  port.o(i.prvTaskExitError)
    prvTaskExitError                         0x080045dd   Thumb Code    36  port.o(i.prvTaskExitError)
    i.pvPortMalloc                           0x08004604   Section        0  heap_4.o(i.pvPortMalloc)
    i.pxPortInitialiseStack                  0x080046dc   Section        0  port.o(i.pxPortInitialiseStack)
    i.rc_callback_handle                     0x08004708   Section        0  dr16_decode.o(i.rc_callback_handle)
    i.rc_init                                0x080047e8   Section        0  dr16_decode.o(i.rc_init)
    i.rc_target_handle                       0x08004800   Section        0  info_handle_task.o(i.rc_target_handle)
    i.send_chassis_cur                       0x080048b4   Section        0  bsp_can.o(i.send_chassis_cur)
    i.uart1_device_init                      0x080048fc   Section        0  bsp_uart.o(i.uart1_device_init)
    i.uart6_device_init                      0x0800493c   Section        0  bsp_uart.o(i.uart6_device_init)
    i.uxListRemove                           0x0800497c   Section        0  list.o(i.uxListRemove)
    i.vApplicationGetIdleTaskMemory          0x080049a4   Section        0  freertos.o(i.vApplicationGetIdleTaskMemory)
    i.vApplicationStackOverflowHook          0x080049b8   Section        0  freertos.o(i.vApplicationStackOverflowHook)
    i.vListInitialise                        0x080049ba   Section        0  list.o(i.vListInitialise)
    i.vListInitialiseItem                    0x080049d0   Section        0  list.o(i.vListInitialiseItem)
    i.vListInsert                            0x080049d6   Section        0  list.o(i.vListInsert)
    i.vListInsertEnd                         0x08004a06   Section        0  list.o(i.vListInsertEnd)
    i.vPortEnterCritical                     0x08004a20   Section        0  port.o(i.vPortEnterCritical)
    i.vPortExitCritical                      0x08004a60   Section        0  port.o(i.vPortExitCritical)
    i.vPortFree                              0x08004a88   Section        0  heap_4.o(i.vPortFree)
    i.vPortSetupTimerInterrupt               0x08004ae4   Section        0  port.o(i.vPortSetupTimerInterrupt)
    i.vTaskDelay                             0x08004b08   Section        0  tasks.o(i.vTaskDelay)
    i.vTaskDelayUntil                        0x08004b54   Section        0  tasks.o(i.vTaskDelayUntil)
    i.vTaskStartScheduler                    0x08004be0   Section        0  tasks.o(i.vTaskStartScheduler)
    i.vTaskSuspendAll                        0x08004c4c   Section        0  tasks.o(i.vTaskSuspendAll)
    i.vTaskSwitchContext                     0x08004c5c   Section        0  tasks.o(i.vTaskSwitchContext)
    i.xPortStartScheduler                    0x08004cd0   Section        0  port.o(i.xPortStartScheduler)
    i.xPortSysTickHandler                    0x08004dc4   Section        0  port.o(i.xPortSysTickHandler)
    i.xTaskCreate                            0x08004df0   Section        0  tasks.o(i.xTaskCreate)
    i.xTaskCreateStatic                      0x08004e4a   Section        0  tasks.o(i.xTaskCreateStatic)
    i.xTaskGetSchedulerState                 0x08004ea0   Section        0  tasks.o(i.xTaskGetSchedulerState)
    i.xTaskGetTickCount                      0x08004ebc   Section        0  tasks.o(i.xTaskGetTickCount)
    i.xTaskIncrementTick                     0x08004ec8   Section        0  tasks.o(i.xTaskIncrementTick)
    i.xTaskResumeAll                         0x08004f90   Section        0  tasks.o(i.xTaskResumeAll)
    .constdata                               0x08005054   Section       84  freertos.o(.constdata)
    .constdata                               0x080050a8   Section        8  stm32f4xx_hal_dma.o(.constdata)
    flagBitshiftOffset                       0x080050a8   Data           8  stm32f4xx_hal_dma.o(.constdata)
    .constdata                               0x080050b0   Section       16  system_stm32f4xx.o(.constdata)
    .constdata                               0x080050c0   Section        8  system_stm32f4xx.o(.constdata)
    .conststring                             0x080050c8   Section       36  freertos.o(.conststring)
    .data                                    0x20000000   Section        4  info_handle_task.o(.data)
    .data                                    0x20000004   Section       16  bsp_can.o(.data)
    i                                        0x20000004   Data           1  bsp_can.o(.data)
    .data                                    0x20000014   Section       40  stmgood.o(.data)
    .data                                    0x2000003c   Section       12  freertos.o(.data)
    .data                                    0x20000048   Section       12  stm32f4xx_hal.o(.data)
    .data                                    0x20000054   Section        4  system_stm32f4xx.o(.data)
    .data                                    0x20000058   Section       60  tasks.o(.data)
    pxDelayedTaskList                        0x2000005c   Data           4  tasks.o(.data)
    pxOverflowDelayedTaskList                0x20000060   Data           4  tasks.o(.data)
    uxDeletedTasksWaitingCleanUp             0x20000064   Data           4  tasks.o(.data)
    uxCurrentNumberOfTasks                   0x20000068   Data           4  tasks.o(.data)
    xTickCount                               0x2000006c   Data           4  tasks.o(.data)
    uxTopReadyPriority                       0x20000070   Data           4  tasks.o(.data)
    xSchedulerRunning                        0x20000074   Data           4  tasks.o(.data)
    uxPendedTicks                            0x20000078   Data           4  tasks.o(.data)
    xYieldPending                            0x2000007c   Data           4  tasks.o(.data)
    xNumOfOverflows                          0x20000080   Data           4  tasks.o(.data)
    uxTaskNumber                             0x20000084   Data           4  tasks.o(.data)
    xNextTaskUnblockTime                     0x20000088   Data           4  tasks.o(.data)
    xIdleTaskHandle                          0x2000008c   Data           4  tasks.o(.data)
    uxSchedulerSuspended                     0x20000090   Data           4  tasks.o(.data)
    .data                                    0x20000094   Section       24  heap_4.o(.data)
    pxEnd                                    0x20000094   Data           4  heap_4.o(.data)
    xFreeBytesRemaining                      0x20000098   Data           4  heap_4.o(.data)
    xMinimumEverFreeBytesRemaining           0x2000009c   Data           4  heap_4.o(.data)
    xBlockAllocatedBit                       0x200000a0   Data           4  heap_4.o(.data)
    xStart                                   0x200000a4   Data           8  heap_4.o(.data)
    .data                                    0x200000ac   Section       12  port.o(.data)
    ucMaxSysCallPriority                     0x200000ac   Data           1  port.o(.data)
    uxCriticalNesting                        0x200000b0   Data           4  port.o(.data)
    ulMaxPRIGROUPValue                       0x200000b4   Data           4  port.o(.data)
    .data                                    0x200000b8   Section        4  stdout.o(.data)
    .bss                                     0x200000bc   Section       24  chassis_task.o(.bss)
    Buffer                                   0x200000bc   Data          24  chassis_task.o(.bss)
    .bss                                     0x200000d4   Section      232  info_handle_task.o(.bss)
    .bss                                     0x200001bc   Section      476  bsp_can.o(.bss)
    .bss                                     0x20000398   Section      100  bsp_uart.o(.bss)
    .bss                                     0x200003fc   Section       20  dr16_decode.o(.bss)
    .bss                                     0x20000410   Section       18  dr16_decode.o(.bss)
    .bss                                     0x20000424   Section      312  pid.o(.bss)
    .bss                                     0x2000055c   Section       52  pid.o(.bss)
    .bss                                     0x20000590   Section       52  pid.o(.bss)
    .bss                                     0x200005c8   Section     1104  stmgood.o(.bss)
    .bss                                     0x20000a18   Section       40  can.o(.bss)
    .bss                                     0x20000a40   Section      596  freertos.o(.bss)
    xIdleTaskTCBBuffer                       0x20000a40   Data          84  freertos.o(.bss)
    xIdleStack                               0x20000a94   Data         512  freertos.o(.bss)
    .bss                                     0x20000c94   Section      320  usart.o(.bss)
    .bss                                     0x20000dd4   Section      240  tasks.o(.bss)
    pxReadyTasksLists                        0x20000dd4   Data         140  tasks.o(.bss)
    xDelayedTaskList1                        0x20000e60   Data          20  tasks.o(.bss)
    xDelayedTaskList2                        0x20000e74   Data          20  tasks.o(.bss)
    xPendingReadyList                        0x20000e88   Data          20  tasks.o(.bss)
    xTasksWaitingTermination                 0x20000e9c   Data          20  tasks.o(.bss)
    xSuspendedTaskList                       0x20000eb0   Data          20  tasks.o(.bss)
    .bss                                     0x20000ec4   Section    15360  heap_4.o(.bss)
    ucHeap                                   0x20000ec4   Data       15360  heap_4.o(.bss)
    STACK                                    0x20004ac8   Section     1024  startup_stm32f407xx.o(STACK)

    Global Symbols

    Symbol Name                              Value     Ov Type        Size  Object(Section)

    BuildAttributes$$THM_ISAv4$E$P$D$K$B$S$7EM$VFPi3$EXTD16$VFPS$VFMA$PE$A:L22UL41UL21$X:L11$S22US41US21$IEEE1$IW$USESV6$~STKCKD$USESV7$~SHL$OTIME$ROPI$IEEEX$EBA8$MICROLIB$REQ8$PRES8$EABIv2 0x00000000   Number         0  anon$$obj.o ABSOLUTE
    __ARM_use_no_argv                        0x00000000   Number         0  main.o ABSOLUTE
    _printf_a                                0x00000000   Number         0  stubs.o ABSOLUTE
    _printf_c                                0x00000000   Number         0  stubs.o ABSOLUTE
    _printf_charcount                        0x00000000   Number         0  stubs.o ABSOLUTE
    _printf_d                                0x00000000   Number         0  stubs.o ABSOLUTE
    _printf_e                                0x00000000   Number         0  stubs.o ABSOLUTE
    _printf_f                                0x00000000   Number         0  stubs.o ABSOLUTE
    _printf_flags                            0x00000000   Number         0  stubs.o ABSOLUTE
    _printf_fp_dec                           0x00000000   Number         0  stubs.o ABSOLUTE
    _printf_fp_hex                           0x00000000   Number         0  stubs.o ABSOLUTE
    _printf_g                                0x00000000   Number         0  stubs.o ABSOLUTE
    _printf_i                                0x00000000   Number         0  stubs.o ABSOLUTE
    _printf_int_dec                          0x00000000   Number         0  stubs.o ABSOLUTE
    _printf_l                                0x00000000   Number         0  stubs.o ABSOLUTE
    _printf_lc                               0x00000000   Number         0  stubs.o ABSOLUTE
    _printf_ll                               0x00000000   Number         0  stubs.o ABSOLUTE
    _printf_lld                              0x00000000   Number         0  stubs.o ABSOLUTE
    _printf_lli                              0x00000000   Number         0  stubs.o ABSOLUTE
    _printf_llo                              0x00000000   Number         0  stubs.o ABSOLUTE
    _printf_llu                              0x00000000   Number         0  stubs.o ABSOLUTE
    _printf_llx                              0x00000000   Number         0  stubs.o ABSOLUTE
    _printf_longlong_dec                     0x00000000   Number         0  stubs.o ABSOLUTE
    _printf_longlong_hex                     0x00000000   Number         0  stubs.o ABSOLUTE
    _printf_longlong_oct                     0x00000000   Number         0  stubs.o ABSOLUTE
    _printf_ls                               0x00000000   Number         0  stubs.o ABSOLUTE
    _printf_mbtowc                           0x00000000   Number         0  stubs.o ABSOLUTE
    _printf_n                                0x00000000   Number         0  stubs.o ABSOLUTE
    _printf_o                                0x00000000   Number         0  stubs.o ABSOLUTE
    _printf_p                                0x00000000   Number         0  stubs.o ABSOLUTE
    _printf_percent                          0x00000000   Number         0  stubs.o ABSOLUTE
    _printf_pre_padding                      0x00000000   Number         0  stubs.o ABSOLUTE
    _printf_return_value                     0x00000000   Number         0  stubs.o ABSOLUTE
    _printf_s                                0x00000000   Number         0  stubs.o ABSOLUTE
    _printf_sizespec                         0x00000000   Number         0  stubs.o ABSOLUTE
    _printf_str                              0x00000000   Number         0  stubs.o ABSOLUTE
    _printf_truncate_signed                  0x00000000   Number         0  stubs.o ABSOLUTE
    _printf_truncate_unsigned                0x00000000   Number         0  stubs.o ABSOLUTE
    _printf_u                                0x00000000   Number         0  stubs.o ABSOLUTE
    _printf_wc                               0x00000000   Number         0  stubs.o ABSOLUTE
    _printf_wctomb                           0x00000000   Number         0  stubs.o ABSOLUTE
    _printf_widthprec                        0x00000000   Number         0  stubs.o ABSOLUTE
    _printf_x                                0x00000000   Number         0  stubs.o ABSOLUTE
    __cpp_initialize__aeabi_                  - Undefined Weak Reference
    __cxa_finalize                            - Undefined Weak Reference
    __decompress                              - Undefined Weak Reference
    _clock_init                               - Undefined Weak Reference
    _microlib_exit                            - Undefined Weak Reference
    __Vectors_Size                           0x00000188   Number         0  startup_stm32f407xx.o ABSOLUTE
    __Vectors                                0x08000000   Data           4  startup_stm32f407xx.o(RESET)
    __Vectors_End                            0x08000188   Data           0  startup_stm32f407xx.o(RESET)
    __main                                   0x08000189   Thumb Code     0  entry.o(.ARM.Collect$$$$00000000)
    _main_stk                                0x08000189   Thumb Code     0  entry2.o(.ARM.Collect$$$$00000001)
    _main_scatterload                        0x0800018d   Thumb Code     0  entry5.o(.ARM.Collect$$$$00000004)
    __main_after_scatterload                 0x08000191   Thumb Code     0  entry5.o(.ARM.Collect$$$$00000004)
    _main_clock                              0x08000191   Thumb Code     0  entry7b.o(.ARM.Collect$$$$00000008)
    _main_cpp_init                           0x08000191   Thumb Code     0  entry8b.o(.ARM.Collect$$$$0000000A)
    _main_init                               0x08000191   Thumb Code     0  entry9a.o(.ARM.Collect$$$$0000000B)
    __rt_final_cpp                           0x08000199   Thumb Code     0  entry10a.o(.ARM.Collect$$$$0000000D)
    __rt_final_exit                          0x08000199   Thumb Code     0  entry11a.o(.ARM.Collect$$$$0000000F)
    SVC_Handler                              0x0800019d   Thumb Code    28  port.o(.emb_text)
    __asm___6_port_c_39a90d8d__prvStartFirstTask 0x080001bd   Thumb Code    36  port.o(.emb_text)
    __asm___6_port_c_39a90d8d__prvEnableVFP  0x080001e5   Thumb Code    16  port.o(.emb_text)
    PendSV_Handler                           0x080001f9   Thumb Code    88  port.o(.emb_text)
    vPortGetIPSR                             0x08000255   Thumb Code     6  port.o(.emb_text)
    Reset_Handler                            0x0800025d   Thumb Code     8  startup_stm32f407xx.o(.text)
    ADC_IRQHandler                           0x08000277   Thumb Code     0  startup_stm32f407xx.o(.text)
    CAN1_RX1_IRQHandler                      0x08000277   Thumb Code     0  startup_stm32f407xx.o(.text)
    CAN1_SCE_IRQHandler                      0x08000277   Thumb Code     0  startup_stm32f407xx.o(.text)
    CAN2_RX0_IRQHandler                      0x08000277   Thumb Code     0  startup_stm32f407xx.o(.text)
    CAN2_RX1_IRQHandler                      0x08000277   Thumb Code     0  startup_stm32f407xx.o(.text)
    CAN2_SCE_IRQHandler                      0x08000277   Thumb Code     0  startup_stm32f407xx.o(.text)
    CAN2_TX_IRQHandler                       0x08000277   Thumb Code     0  startup_stm32f407xx.o(.text)
    DCMI_IRQHandler                          0x08000277   Thumb Code     0  startup_stm32f407xx.o(.text)
    DMA1_Stream0_IRQHandler                  0x08000277   Thumb Code     0  startup_stm32f407xx.o(.text)
    DMA1_Stream1_IRQHandler                  0x08000277   Thumb Code     0  startup_stm32f407xx.o(.text)
    DMA1_Stream2_IRQHandler                  0x08000277   Thumb Code     0  startup_stm32f407xx.o(.text)
    DMA1_Stream3_IRQHandler                  0x08000277   Thumb Code     0  startup_stm32f407xx.o(.text)
    DMA1_Stream4_IRQHandler                  0x08000277   Thumb Code     0  startup_stm32f407xx.o(.text)
    DMA1_Stream5_IRQHandler                  0x08000277   Thumb Code     0  startup_stm32f407xx.o(.text)
    DMA1_Stream6_IRQHandler                  0x08000277   Thumb Code     0  startup_stm32f407xx.o(.text)
    DMA1_Stream7_IRQHandler                  0x08000277   Thumb Code     0  startup_stm32f407xx.o(.text)
    DMA2_Stream0_IRQHandler                  0x08000277   Thumb Code     0  startup_stm32f407xx.o(.text)
    DMA2_Stream3_IRQHandler                  0x08000277   Thumb Code     0  startup_stm32f407xx.o(.text)
    DMA2_Stream4_IRQHandler                  0x08000277   Thumb Code     0  startup_stm32f407xx.o(.text)
    DMA2_Stream5_IRQHandler                  0x08000277   Thumb Code     0  startup_stm32f407xx.o(.text)
    DMA2_Stream6_IRQHandler                  0x08000277   Thumb Code     0  startup_stm32f407xx.o(.text)
    DMA2_Stream7_IRQHandler                  0x08000277   Thumb Code     0  startup_stm32f407xx.o(.text)
    ETH_IRQHandler                           0x08000277   Thumb Code     0  startup_stm32f407xx.o(.text)
    ETH_WKUP_IRQHandler                      0x08000277   Thumb Code     0  startup_stm32f407xx.o(.text)
    EXTI0_IRQHandler                         0x08000277   Thumb Code     0  startup_stm32f407xx.o(.text)
    EXTI15_10_IRQHandler                     0x08000277   Thumb Code     0  startup_stm32f407xx.o(.text)
    EXTI1_IRQHandler                         0x08000277   Thumb Code     0  startup_stm32f407xx.o(.text)
    EXTI2_IRQHandler                         0x08000277   Thumb Code     0  startup_stm32f407xx.o(.text)
    EXTI3_IRQHandler                         0x08000277   Thumb Code     0  startup_stm32f407xx.o(.text)
    EXTI4_IRQHandler                         0x08000277   Thumb Code     0  startup_stm32f407xx.o(.text)
    EXTI9_5_IRQHandler                       0x08000277   Thumb Code     0  startup_stm32f407xx.o(.text)
    FLASH_IRQHandler                         0x08000277   Thumb Code     0  startup_stm32f407xx.o(.text)
    FMC_IRQHandler                           0x08000277   Thumb Code     0  startup_stm32f407xx.o(.text)
    FPU_IRQHandler                           0x08000277   Thumb Code     0  startup_stm32f407xx.o(.text)
    HASH_RNG_IRQHandler                      0x08000277   Thumb Code     0  startup_stm32f407xx.o(.text)
    I2C1_ER_IRQHandler                       0x08000277   Thumb Code     0  startup_stm32f407xx.o(.text)
    I2C1_EV_IRQHandler                       0x08000277   Thumb Code     0  startup_stm32f407xx.o(.text)
    I2C2_ER_IRQHandler                       0x08000277   Thumb Code     0  startup_stm32f407xx.o(.text)
    I2C2_EV_IRQHandler                       0x08000277   Thumb Code     0  startup_stm32f407xx.o(.text)
    I2C3_ER_IRQHandler                       0x08000277   Thumb Code     0  startup_stm32f407xx.o(.text)
    I2C3_EV_IRQHandler                       0x08000277   Thumb Code     0  startup_stm32f407xx.o(.text)
    OTG_FS_IRQHandler                        0x08000277   Thumb Code     0  startup_stm32f407xx.o(.text)
    OTG_FS_WKUP_IRQHandler                   0x08000277   Thumb Code     0  startup_stm32f407xx.o(.text)
    OTG_HS_EP1_IN_IRQHandler                 0x08000277   Thumb Code     0  startup_stm32f407xx.o(.text)
    OTG_HS_EP1_OUT_IRQHandler                0x08000277   Thumb Code     0  startup_stm32f407xx.o(.text)
    OTG_HS_IRQHandler                        0x08000277   Thumb Code     0  startup_stm32f407xx.o(.text)
    OTG_HS_WKUP_IRQHandler                   0x08000277   Thumb Code     0  startup_stm32f407xx.o(.text)
    PVD_IRQHandler                           0x08000277   Thumb Code     0  startup_stm32f407xx.o(.text)
    RCC_IRQHandler                           0x08000277   Thumb Code     0  startup_stm32f407xx.o(.text)
    RTC_Alarm_IRQHandler                     0x08000277   Thumb Code     0  startup_stm32f407xx.o(.text)
    RTC_WKUP_IRQHandler                      0x08000277   Thumb Code     0  startup_stm32f407xx.o(.text)
    SDIO_IRQHandler                          0x08000277   Thumb Code     0  startup_stm32f407xx.o(.text)
    SPI1_IRQHandler                          0x08000277   Thumb Code     0  startup_stm32f407xx.o(.text)
    SPI2_IRQHandler                          0x08000277   Thumb Code     0  startup_stm32f407xx.o(.text)
    SPI3_IRQHandler                          0x08000277   Thumb Code     0  startup_stm32f407xx.o(.text)
    TAMP_STAMP_IRQHandler                    0x08000277   Thumb Code     0  startup_stm32f407xx.o(.text)
    TIM1_BRK_TIM9_IRQHandler                 0x08000277   Thumb Code     0  startup_stm32f407xx.o(.text)
    TIM1_CC_IRQHandler                       0x08000277   Thumb Code     0  startup_stm32f407xx.o(.text)
    TIM1_TRG_COM_TIM11_IRQHandler            0x08000277   Thumb Code     0  startup_stm32f407xx.o(.text)
    TIM1_UP_TIM10_IRQHandler                 0x08000277   Thumb Code     0  startup_stm32f407xx.o(.text)
    TIM2_IRQHandler                          0x08000277   Thumb Code     0  startup_stm32f407xx.o(.text)
    TIM3_IRQHandler                          0x08000277   Thumb Code     0  startup_stm32f407xx.o(.text)
    TIM4_IRQHandler                          0x08000277   Thumb Code     0  startup_stm32f407xx.o(.text)
    TIM5_IRQHandler                          0x08000277   Thumb Code     0  startup_stm32f407xx.o(.text)
    TIM6_DAC_IRQHandler                      0x08000277   Thumb Code     0  startup_stm32f407xx.o(.text)
    TIM7_IRQHandler                          0x08000277   Thumb Code     0  startup_stm32f407xx.o(.text)
    TIM8_BRK_TIM12_IRQHandler                0x08000277   Thumb Code     0  startup_stm32f407xx.o(.text)
    TIM8_CC_IRQHandler                       0x08000277   Thumb Code     0  startup_stm32f407xx.o(.text)
    TIM8_TRG_COM_TIM14_IRQHandler            0x08000277   Thumb Code     0  startup_stm32f407xx.o(.text)
    TIM8_UP_TIM13_IRQHandler                 0x08000277   Thumb Code     0  startup_stm32f407xx.o(.text)
    UART4_IRQHandler                         0x08000277   Thumb Code     0  startup_stm32f407xx.o(.text)
    UART5_IRQHandler                         0x08000277   Thumb Code     0  startup_stm32f407xx.o(.text)
    USART2_IRQHandler                        0x08000277   Thumb Code     0  startup_stm32f407xx.o(.text)
    USART3_IRQHandler                        0x08000277   Thumb Code     0  startup_stm32f407xx.o(.text)
    WWDG_IRQHandler                          0x08000277   Thumb Code     0  startup_stm32f407xx.o(.text)
    __aeabi_uldivmod                         0x08000281   Thumb Code    98  uldiv.o(.text)
    __aeabi_memcpy                           0x080002e3   Thumb Code    36  memcpya.o(.text)
    __aeabi_memcpy4                          0x080002e3   Thumb Code     0  memcpya.o(.text)
    __aeabi_memcpy8                          0x080002e3   Thumb Code     0  memcpya.o(.text)
    __aeabi_memset                           0x08000307   Thumb Code    14  memseta.o(.text)
    __aeabi_memset4                          0x08000307   Thumb Code     0  memseta.o(.text)
    __aeabi_memset8                          0x08000307   Thumb Code     0  memseta.o(.text)
    __aeabi_memclr                           0x08000315   Thumb Code     4  memseta.o(.text)
    __aeabi_memclr4                          0x08000315   Thumb Code     0  memseta.o(.text)
    __aeabi_memclr8                          0x08000315   Thumb Code     0  memseta.o(.text)
    memset                                   0x08000319   Thumb Code    18  memseta.o(.text)
    __aeabi_dadd                             0x0800032b   Thumb Code   322  dadd.o(.text)
    __aeabi_dsub                             0x0800046d   Thumb Code     6  dadd.o(.text)
    __aeabi_drsub                            0x08000473   Thumb Code     6  dadd.o(.text)
    __aeabi_dmul                             0x08000479   Thumb Code   228  dmul.o(.text)
    __aeabi_ddiv                             0x0800055d   Thumb Code   222  ddiv.o(.text)
    __aeabi_i2d                              0x0800063b   Thumb Code    34  dflti.o(.text)
    __aeabi_d2iz                             0x0800065d   Thumb Code    62  dfixi.o(.text)
    __aeabi_f2d                              0x0800069b   Thumb Code    38  f2d.o(.text)
    __aeabi_cdrcmple                         0x080006c1   Thumb Code    48  cdrcmple.o(.text)
    __aeabi_d2f                              0x080006f1   Thumb Code    56  d2f.o(.text)
    __aeabi_uidiv                            0x08000729   Thumb Code     0  uidiv.o(.text)
    __aeabi_uidivmod                         0x08000729   Thumb Code    44  uidiv.o(.text)
    __aeabi_llsl                             0x08000755   Thumb Code    30  llshl.o(.text)
    _ll_shift_l                              0x08000755   Thumb Code     0  llshl.o(.text)
    __aeabi_llsr                             0x08000773   Thumb Code    32  llushr.o(.text)
    _ll_ushift_r                             0x08000773   Thumb Code     0  llushr.o(.text)
    __aeabi_lasr                             0x08000793   Thumb Code    36  llsshr.o(.text)
    _ll_sshift_r                             0x08000793   Thumb Code     0  llsshr.o(.text)
    __I$use$fp                               0x080007b7   Thumb Code     0  iusefp.o(.text)
    _float_round                             0x080007b7   Thumb Code    18  fepilogue.o(.text)
    _float_epilogue                          0x080007c9   Thumb Code    92  fepilogue.o(.text)
    _double_round                            0x08000825   Thumb Code    30  depilogue.o(.text)
    _double_epilogue                         0x08000843   Thumb Code   156  depilogue.o(.text)
    __aeabi_d2ulz                            0x080008df   Thumb Code    48  dfixul.o(.text)
    __scatterload                            0x08000911   Thumb Code    28  init.o(.text)
    __scatterload_rt2                        0x08000911   Thumb Code     0  init.o(.text)
    BusFault_Handler                         0x08000935   Thumb Code     2  stm32f4xx_it.o(i.BusFault_Handler)
    CAN1_RX0_IRQHandler                      0x08000939   Thumb Code     6  stm32f4xx_it.o(i.CAN1_RX0_IRQHandler)
    CAN1_TX_IRQHandler                       0x08000945   Thumb Code     6  stm32f4xx_it.o(i.CAN1_TX_IRQHandler)
    Command                                  0x08000951   Thumb Code   402  stmgood.o(i.Command)
    CompStr                                  0x08000b65   Thumb Code    48  stmgood.o(i.CompStr)
    CopyStr                                  0x08000b95   Thumb Code    22  stmgood.o(i.CopyStr)
    DMA2_Stream1_IRQHandler                  0x08000bad   Thumb Code    28  stm32f4xx_it.o(i.DMA2_Stream1_IRQHandler)
    DMA2_Stream2_IRQHandler                  0x08000bd5   Thumb Code    20  stm32f4xx_it.o(i.DMA2_Stream2_IRQHandler)
    DealStr                                  0x08000c99   Thumb Code   128  stmgood.o(i.DealStr)
    Dealdata                                 0x08000d21   Thumb Code   134  stmgood.o(i.Dealdata)
    DebugMon_Handler                         0x08000db1   Thumb Code     2  stm32f4xx_it.o(i.DebugMon_Handler)
    Error_Handler                            0x08000db3   Thumb Code     2  main.o(i.Error_Handler)
    FirstSpace                               0x08000db5   Thumb Code    24  stmgood.o(i.FirstSpace)
    HAL_CAN_ActivateNotification             0x08000dcd   Thumb Code    36  stm32f4xx_hal_can.o(i.HAL_CAN_ActivateNotification)
    HAL_CAN_AddTxMessage                     0x08000df1   Thumb Code   200  stm32f4xx_hal_can.o(i.HAL_CAN_AddTxMessage)
    HAL_CAN_ConfigFilter                     0x08000eb9   Thumb Code   262  stm32f4xx_hal_can.o(i.HAL_CAN_ConfigFilter)
    HAL_CAN_ErrorCallback                    0x08000fc5   Thumb Code     2  stm32f4xx_hal_can.o(i.HAL_CAN_ErrorCallback)
    HAL_CAN_GetRxMessage                     0x08000fc7   Thumb Code   232  stm32f4xx_hal_can.o(i.HAL_CAN_GetRxMessage)
    HAL_CAN_IRQHandler                       0x080010af   Thumb Code   508  stm32f4xx_hal_can.o(i.HAL_CAN_IRQHandler)
    HAL_CAN_Init                             0x080012ab   Thumb Code   282  stm32f4xx_hal_can.o(i.HAL_CAN_Init)
    HAL_CAN_MspInit                          0x080013c5   Thumb Code   126  can.o(i.HAL_CAN_MspInit)
    HAL_CAN_RxFifo0FullCallback              0x08001451   Thumb Code     2  stm32f4xx_hal_can.o(i.HAL_CAN_RxFifo0FullCallback)
    HAL_CAN_RxFifo0MsgPendingCallback        0x08001455   Thumb Code   126  bsp_can.o(i.HAL_CAN_RxFifo0MsgPendingCallback)
    HAL_CAN_RxFifo1FullCallback              0x080014ed   Thumb Code     2  stm32f4xx_hal_can.o(i.HAL_CAN_RxFifo1FullCallback)
    HAL_CAN_RxFifo1MsgPendingCallback        0x080014ef   Thumb Code     2  stm32f4xx_hal_can.o(i.HAL_CAN_RxFifo1MsgPendingCallback)
    HAL_CAN_SleepCallback                    0x080014f1   Thumb Code     2  stm32f4xx_hal_can.o(i.HAL_CAN_SleepCallback)
    HAL_CAN_Start                            0x080014f5   Thumb Code    88  stm32f4xx_hal_can.o(i.HAL_CAN_Start)
    HAL_CAN_TxMailbox0AbortCallback          0x0800154d   Thumb Code     2  stm32f4xx_hal_can.o(i.HAL_CAN_TxMailbox0AbortCallback)
    HAL_CAN_TxMailbox0CompleteCallback       0x0800154f   Thumb Code     2  stm32f4xx_hal_can.o(i.HAL_CAN_TxMailbox0CompleteCallback)
    HAL_CAN_TxMailbox1AbortCallback          0x08001551   Thumb Code     2  stm32f4xx_hal_can.o(i.HAL_CAN_TxMailbox1AbortCallback)
    HAL_CAN_TxMailbox1CompleteCallback       0x08001553   Thumb Code     2  stm32f4xx_hal_can.o(i.HAL_CAN_TxMailbox1CompleteCallback)
    HAL_CAN_TxMailbox2AbortCallback          0x08001555   Thumb Code     2  stm32f4xx_hal_can.o(i.HAL_CAN_TxMailbox2AbortCallback)
    HAL_CAN_TxMailbox2CompleteCallback       0x08001557   Thumb Code     2  stm32f4xx_hal_can.o(i.HAL_CAN_TxMailbox2CompleteCallback)
    HAL_CAN_WakeUpFromRxMsgCallback          0x08001559   Thumb Code     2  stm32f4xx_hal_can.o(i.HAL_CAN_WakeUpFromRxMsgCallback)
    HAL_DMA_Abort                            0x0800155b   Thumb Code   142  stm32f4xx_hal_dma.o(i.HAL_DMA_Abort)
    HAL_DMA_IRQHandler                       0x080015e9   Thumb Code   412  stm32f4xx_hal_dma.o(i.HAL_DMA_IRQHandler)
    HAL_DMA_Init                             0x08001789   Thumb Code   206  stm32f4xx_hal_dma.o(i.HAL_DMA_Init)
    HAL_DMA_Start_IT                         0x0800185d   Thumb Code   120  stm32f4xx_hal_dma.o(i.HAL_DMA_Start_IT)
    HAL_Delay                                0x080018d5   Thumb Code    32  stm32f4xx_hal.o(i.HAL_Delay)
    HAL_GPIO_Init                            0x080018f9   Thumb Code   388  stm32f4xx_hal_gpio.o(i.HAL_GPIO_Init)
    HAL_GPIO_TogglePin                       0x08001aa9   Thumb Code    14  stm32f4xx_hal_gpio.o(i.HAL_GPIO_TogglePin)
    HAL_GPIO_WritePin                        0x08001ab7   Thumb Code    10  stm32f4xx_hal_gpio.o(i.HAL_GPIO_WritePin)
    HAL_GetTick                              0x08001ac1   Thumb Code     6  stm32f4xx_hal.o(i.HAL_GetTick)
    HAL_IncTick                              0x08001acd   Thumb Code    12  stm32f4xx_hal.o(i.HAL_IncTick)
    HAL_Init                                 0x08001add   Thumb Code    48  stm32f4xx_hal.o(i.HAL_Init)
    HAL_InitTick                             0x08001b11   Thumb Code    54  stm32f4xx_hal.o(i.HAL_InitTick)
    HAL_MspInit                              0x08001b51   Thumb Code    52  stm32f4xx_hal_msp.o(i.HAL_MspInit)
    HAL_NVIC_EnableIRQ                       0x08001b89   Thumb Code    26  stm32f4xx_hal_cortex.o(i.HAL_NVIC_EnableIRQ)
    HAL_NVIC_SetPriority                     0x08001ba5   Thumb Code    60  stm32f4xx_hal_cortex.o(i.HAL_NVIC_SetPriority)
    HAL_NVIC_SetPriorityGrouping             0x08001be5   Thumb Code    26  stm32f4xx_hal_cortex.o(i.HAL_NVIC_SetPriorityGrouping)
    HAL_RCC_ClockConfig                      0x08001c09   Thumb Code   286  stm32f4xx_hal_rcc.o(i.HAL_RCC_ClockConfig)
    HAL_RCC_GetPCLK1Freq                     0x08001d39   Thumb Code    20  stm32f4xx_hal_rcc.o(i.HAL_RCC_GetPCLK1Freq)
    HAL_RCC_GetPCLK2Freq                     0x08001d59   Thumb Code    20  stm32f4xx_hal_rcc.o(i.HAL_RCC_GetPCLK2Freq)
    HAL_RCC_GetSysClockFreq                  0x08001d79   Thumb Code    88  stm32f4xx_hal_rcc.o(i.HAL_RCC_GetSysClockFreq)
    HAL_RCC_OscConfig                        0x08001ddd   Thumb Code   770  stm32f4xx_hal_rcc.o(i.HAL_RCC_OscConfig)
    HAL_SYSTICK_Config                       0x080020f9   Thumb Code    40  stm32f4xx_hal_cortex.o(i.HAL_SYSTICK_Config)
    HAL_UART_DMAStop                         0x08002121   Thumb Code    88  stm32f4xx_hal_uart.o(i.HAL_UART_DMAStop)
    HAL_UART_ErrorCallback                   0x08002179   Thumb Code    18  bsp_uart.o(i.HAL_UART_ErrorCallback)
    HAL_UART_Init                            0x0800218b   Thumb Code    98  stm32f4xx_hal_uart.o(i.HAL_UART_Init)
    HAL_UART_MspInit                         0x080021ed   Thumb Code   284  usart.o(i.HAL_UART_MspInit)
    HAL_UART_Receive_DMA                     0x08002325   Thumb Code   138  stm32f4xx_hal_uart.o(i.HAL_UART_Receive_DMA)
    HAL_UART_RxCpltCallback                  0x080023bd   Thumb Code     2  stm32f4xx_hal_uart.o(i.HAL_UART_RxCpltCallback)
    HAL_UART_RxHalfCpltCallback              0x080023bf   Thumb Code     2  stm32f4xx_hal_uart.o(i.HAL_UART_RxHalfCpltCallback)
    HardFault_Handler                        0x080023c1   Thumb Code     2  stm32f4xx_it.o(i.HardFault_Handler)
    MX_CAN1_Init                             0x080023c5   Thumb Code    62  can.o(i.MX_CAN1_Init)
    MX_DMA_Init                              0x0800240d   Thumb Code    56  dma.o(i.MX_DMA_Init)
    MX_FREERTOS_Init                         0x08002449   Thumb Code    74  freertos.o(i.MX_FREERTOS_Init)
    MX_GPIO_Init                             0x0800249d   Thumb Code   118  gpio.o(i.MX_GPIO_Init)
    MX_USART1_UART_Init                      0x0800251d   Thumb Code    50  usart.o(i.MX_USART1_UART_Init)
    MX_USART6_UART_Init                      0x0800255d   Thumb Code    48  usart.o(i.MX_USART6_UART_Init)
    MemManage_Handler                        0x08002595   Thumb Code     2  stm32f4xx_it.o(i.MemManage_Handler)
    NMI_Handler                              0x08002597   Thumb Code     2  stm32f4xx_it.o(i.NMI_Handler)
    PID_struct_init                          0x08002599   Thumb Code    30  pid.o(i.PID_struct_init)
    SplitStr                                 0x080025b7   Thumb Code    80  stmgood.o(i.SplitStr)
    StartDefaultTask                         0x08002609   Thumb Code   256  freertos.o(i.StartDefaultTask)
    StrToFloat                               0x080028ad   Thumb Code   282  stmgood.o(i.StrToFloat)
    Strlen                                   0x080029e1   Thumb Code    16  stmgood.o(i.Strlen)
    SubStr                                   0x080029f1   Thumb Code    34  stmgood.o(i.SubStr)
    SysTick_Handler                          0x08002a19   Thumb Code    24  stm32f4xx_it.o(i.SysTick_Handler)
    SystemClock_Config                       0x08002a31   Thumb Code   126  main.o(i.SystemClock_Config)
    SystemInit                               0x08002ab9   Thumb Code    66  system_stm32f4xx.o(i.SystemInit)
    UART_RX_IDLE_IRQ                         0x08002bcd   Thumb Code    94  bsp_uart.o(i.UART_RX_IDLE_IRQ)
    USART1_IRQHandler                        0x08002ef1   Thumb Code     6  stm32f4xx_it.o(i.USART1_IRQHandler)
    USART6_IRQHandler                        0x08002efd   Thumb Code     6  stm32f4xx_it.o(i.USART6_IRQHandler)
    UsageFault_Handler                       0x08002f09   Thumb Code     2  stm32f4xx_it.o(i.UsageFault_Handler)
    __0printf                                0x08002f0d   Thumb Code    22  printfa.o(i.__0printf)
    __1printf                                0x08002f0d   Thumb Code     0  printfa.o(i.__0printf)
    __2printf                                0x08002f0d   Thumb Code     0  printfa.o(i.__0printf)
    __c89printf                              0x08002f0d   Thumb Code     0  printfa.o(i.__0printf)
    printf                                   0x08002f0d   Thumb Code     0  printfa.o(i.__0printf)
    __hardfp_fabs                            0x08002f4d   Thumb Code    20  fabs.o(i.__hardfp_fabs)
    __scatterload_copy                       0x08002f61   Thumb Code    14  handlers.o(i.__scatterload_copy)
    __scatterload_null                       0x08002f6f   Thumb Code     2  handlers.o(i.__scatterload_null)
    __scatterload_zeroinit                   0x08002f71   Thumb Code    14  handlers.o(i.__scatterload_zeroinit)
    can_debug                                0x08003815   Thumb Code    70  info_handle_task.o(i.can_debug)
    can_device_init                          0x08003865   Thumb Code    42  bsp_can.o(i.can_device_init)
    can_receive_start                        0x08003895   Thumb Code    20  bsp_can.o(i.can_receive_start)
    chassis_link_handle                      0x080038ad   Thumb Code   138  chassis_task.o(i.chassis_link_handle)
    chassis_param_init                       0x0800395d   Thumb Code   150  chassis_task.o(i.chassis_param_init)
    chassis_task                             0x08003a15   Thumb Code   264  chassis_task.o(i.chassis_task)
    cmd                                      0x08003b2d   Thumb Code   446  stmgood.o(i.cmd)
    fputc                                    0x08003d3d   Thumb Code    18  bsp_uart.o(i.fputc)
    get_main_ctrl_mode                       0x08003d55   Thumb Code    88  info_handle_task.o(i.get_main_ctrl_mode)
    go1                                      0x08003db9   Thumb Code     6  stmgood.o(i.go1)
    gyro_data_handle                         0x08003dc9   Thumb Code    88  bsp_can.o(i.gyro_data_handle)
    info_handle_task                         0x08003e25   Thumb Code    22  info_handle_task.o(i.info_handle_task)
    main                                     0x08003e41   Thumb Code    92  main.o(i.main)
    mecanum_algorithm                        0x08003ea9   Thumb Code   232  chassis_task.o(i.mecanum_algorithm)
    moto_info_init                           0x08003fa9   Thumb Code    18  info_handle_task.o(i.moto_info_init)
    multi1                                   0x08003fc1   Thumb Code   100  stmgood.o(i.multi1)
    multi2                                   0x08004041   Thumb Code    50  stmgood.o(i.multi2)
    multi3                                   0x0800407d   Thumb Code    50  stmgood.o(i.multi3)
    osDelay                                  0x080040b9   Thumb Code    14  cmsis_os.o(i.osDelay)
    osDelayUntil                             0x080040c7   Thumb Code    14  cmsis_os.o(i.osDelayUntil)
    osKernelStart                            0x080040d5   Thumb Code    10  cmsis_os.o(i.osKernelStart)
    osThreadCreate                           0x080040df   Thumb Code    84  cmsis_os.o(i.osThreadCreate)
    pid_adjust                               0x08004133   Thumb Code     6  pid.o(i.pid_adjust)
    pid_ast                                  0x08004139   Thumb Code   382  pid.o(i.pid_ast)
    pvPortMalloc                             0x08004605   Thumb Code   210  heap_4.o(i.pvPortMalloc)
    pxPortInitialiseStack                    0x080046dd   Thumb Code    40  port.o(i.pxPortInitialiseStack)
    rc_callback_handle                       0x08004709   Thumb Code   218  dr16_decode.o(i.rc_callback_handle)
    rc_init                                  0x080047e9   Thumb Code    20  dr16_decode.o(i.rc_init)
    rc_target_handle                         0x08004801   Thumb Code   154  info_handle_task.o(i.rc_target_handle)
    send_chassis_cur                         0x080048b5   Thumb Code    58  bsp_can.o(i.send_chassis_cur)
    uart1_device_init                        0x080048fd   Thumb Code    52  bsp_uart.o(i.uart1_device_init)
    uart6_device_init                        0x0800493d   Thumb Code    52  bsp_uart.o(i.uart6_device_init)
    uxListRemove                             0x0800497d   Thumb Code    38  list.o(i.uxListRemove)
    vApplicationGetIdleTaskMemory            0x080049a5   Thumb Code    16  freertos.o(i.vApplicationGetIdleTaskMemory)
    vApplicationStackOverflowHook            0x080049b9   Thumb Code     2  freertos.o(i.vApplicationStackOverflowHook)
    vListInitialise                          0x080049bb   Thumb Code    22  list.o(i.vListInitialise)
    vListInitialiseItem                      0x080049d1   Thumb Code     6  list.o(i.vListInitialiseItem)
    vListInsert                              0x080049d7   Thumb Code    48  list.o(i.vListInsert)
    vListInsertEnd                           0x08004a07   Thumb Code    24  list.o(i.vListInsertEnd)
    vPortEnterCritical                       0x08004a21   Thumb Code    54  port.o(i.vPortEnterCritical)
    vPortExitCritical                        0x08004a61   Thumb Code    34  port.o(i.vPortExitCritical)
    vPortFree                                0x08004a89   Thumb Code    88  heap_4.o(i.vPortFree)
    vPortSetupTimerInterrupt                 0x08004ae5   Thumb Code    32  port.o(i.vPortSetupTimerInterrupt)
    vTaskDelay                               0x08004b09   Thumb Code    66  tasks.o(i.vTaskDelay)
    vTaskDelayUntil                          0x08004b55   Thumb Code   132  tasks.o(i.vTaskDelayUntil)
    vTaskStartScheduler                      0x08004be1   Thumb Code    90  tasks.o(i.vTaskStartScheduler)
    vTaskSuspendAll                          0x08004c4d   Thumb Code    10  tasks.o(i.vTaskSuspendAll)
    vTaskSwitchContext                       0x08004c5d   Thumb Code   106  tasks.o(i.vTaskSwitchContext)
    xPortStartScheduler                      0x08004cd1   Thumb Code   222  port.o(i.xPortStartScheduler)
    xPortSysTickHandler                      0x08004dc5   Thumb Code    38  port.o(i.xPortSysTickHandler)
    xTaskCreate                              0x08004df1   Thumb Code    90  tasks.o(i.xTaskCreate)
    xTaskCreateStatic                        0x08004e4b   Thumb Code    86  tasks.o(i.xTaskCreateStatic)
    xTaskGetSchedulerState                   0x08004ea1   Thumb Code    22  tasks.o(i.xTaskGetSchedulerState)
    xTaskGetTickCount                        0x08004ebd   Thumb Code     6  tasks.o(i.xTaskGetTickCount)
    xTaskIncrementTick                       0x08004ec9   Thumb Code   192  tasks.o(i.xTaskIncrementTick)
    xTaskResumeAll                           0x08004f91   Thumb Code   182  tasks.o(i.xTaskResumeAll)
    AHBPrescTable                            0x080050b0   Data          16  system_stm32f4xx.o(.constdata)
    APBPrescTable                            0x080050c0   Data           8  system_stm32f4xx.o(.constdata)
    Region$$Table$$Base                      0x080050ec   Number         0  anon$$obj.o(Region$$Table)
    Region$$Table$$Limit                     0x0800510c   Number         0  anon$$obj.o(Region$$Table)
    cnt_cnt                                  0x20000000   Data           4  info_handle_task.o(.data)
    data2bytes                               0x20000006   Data           2  bsp_can.o(.data)
    data4bytes                               0x20000008   Data           4  bsp_can.o(.data)
    TxData                                   0x2000000c   Data           8  bsp_can.o(.data)
    Count                                    0x20000014   Data           1  stmgood.o(.data)
    _kp                                      0x20000018   Data           4  stmgood.o(.data)
    _ki                                      0x2000001c   Data           4  stmgood.o(.data)
    _kd                                      0x20000020   Data           4  stmgood.o(.data)
    _kkp                                     0x20000024   Data           4  stmgood.o(.data)
    _kki                                     0x20000028   Data           4  stmgood.o(.data)
    _kkd                                     0x2000002c   Data           4  stmgood.o(.data)
    maxout1                                  0x20000030   Data           4  stmgood.o(.data)
    maxout2                                  0x20000034   Data           4  stmgood.o(.data)
    buffer_gf                                0x20000038   Data           4  stmgood.o(.data)
    defaultTaskHandle                        0x2000003c   Data           4  freertos.o(.data)
    ChassisTaskHandle                        0x20000040   Data           4  freertos.o(.data)
    InfoTaskHandle                           0x20000044   Data           4  freertos.o(.data)
    uwTickFreq                               0x20000048   Data           1  stm32f4xx_hal.o(.data)
    uwTickPrio                               0x2000004c   Data           4  stm32f4xx_hal.o(.data)
    uwTick                                   0x20000050   Data           4  stm32f4xx_hal.o(.data)
    SystemCoreClock                          0x20000054   Data           4  system_stm32f4xx.o(.data)
    pxCurrentTCB                             0x20000058   Data           4  tasks.o(.data)
    __stdout                                 0x200000b8   Data           4  stdout.o(.data)
    chassis                                  0x200000d4   Data         112  info_handle_task.o(.bss)
    can_cnt                                  0x20000144   Data          40  info_handle_task.o(.bss)
    identity_time_last                       0x2000016c   Data          40  info_handle_task.o(.bss)
    identity_time_ms                         0x20000194   Data          40  info_handle_task.o(.bss)
    CAN_TxHeader                             0x200001bc   Data          24  bsp_can.o(.bss)
    moto_chassis                             0x200001d4   Data         432  bsp_can.o(.bss)
    gyro_yaw                                 0x20000384   Data          20  bsp_can.o(.bss)
    uart7_buff                               0x20000398   Data          50  bsp_uart.o(.bss)
    uart6_buff                               0x200003ca   Data          50  bsp_uart.o(.bss)
    rc                                       0x200003fc   Data          20  dr16_decode.o(.bss)
    dbus_buf                                 0x20000410   Data          18  dr16_decode.o(.bss)
    pid_chassis                              0x20000424   Data         312  pid.o(.bss)
    pid_link_out                             0x2000055c   Data          52  pid.o(.bss)
    pid_link_in                              0x20000590   Data          52  pid.o(.bss)
    Cmd1                                     0x200005c8   Data          20  stmgood.o(.bss)
    Cmd2                                     0x200005dc   Data          80  stmgood.o(.bss)
    Data                                     0x2000062c   Data         100  stmgood.o(.bss)
    Str1                                     0x20000690   Data         100  stmgood.o(.bss)
    xx                                       0x200006f8   Data         800  stmgood.o(.bss)
    hcan1                                    0x20000a18   Data          40  can.o(.bss)
    huart1                                   0x20000c94   Data          64  usart.o(.bss)
    huart6                                   0x20000cd4   Data          64  usart.o(.bss)
    hdma_usart1_rx                           0x20000d14   Data          96  usart.o(.bss)
    hdma_usart6_rx                           0x20000d74   Data          96  usart.o(.bss)
    __initial_sp                             0x20004ec8   Data           0  startup_stm32f407xx.o(STACK)



==============================================================================

Memory Map of the image

  Image Entry point : 0x08000189

  Load Region LR_IROM1 (Base: 0x08000000, Size: 0x000051c8, Max: 0x00080000, ABSOLUTE)

    Execution Region ER_IROM1 (Base: 0x08000000, Size: 0x0000510c, Max: 0x00080000, ABSOLUTE)

    Base Addr    Size         Type   Attr      Idx    E Section Name        Object

    0x08000000   0x00000188   Data   RO            3    RESET               startup_stm32f407xx.o
    0x08000188   0x00000000   Code   RO         4548  * .ARM.Collect$$$$00000000  mc_w.l(entry.o)
    0x08000188   0x00000004   Code   RO         4888    .ARM.Collect$$$$00000001  mc_w.l(entry2.o)
    0x0800018c   0x00000004   Code   RO         4891    .ARM.Collect$$$$00000004  mc_w.l(entry5.o)
    0x08000190   0x00000000   Code   RO         4893    .ARM.Collect$$$$00000008  mc_w.l(entry7b.o)
    0x08000190   0x00000000   Code   RO         4895    .ARM.Collect$$$$0000000A  mc_w.l(entry8b.o)
    0x08000190   0x00000008   Code   RO         4896    .ARM.Collect$$$$0000000B  mc_w.l(entry9a.o)
    0x08000198   0x00000000   Code   RO         4898    .ARM.Collect$$$$0000000D  mc_w.l(entry10a.o)
    0x08000198   0x00000000   Code   RO         4900    .ARM.Collect$$$$0000000F  mc_w.l(entry11a.o)
    0x08000198   0x00000004   Code   RO         4889    .ARM.Collect$$$$00002712  mc_w.l(entry2.o)
    0x0800019c   0x000000be   Code   RO         4417    .emb_text           port.o
    0x0800025a   0x00000002   PAD
    0x0800025c   0x00000024   Code   RO            4    .text               startup_stm32f407xx.o
    0x08000280   0x00000062   Code   RO         4551    .text               mc_w.l(uldiv.o)
    0x080002e2   0x00000024   Code   RO         4553    .text               mc_w.l(memcpya.o)
    0x08000306   0x00000024   Code   RO         4557    .text               mc_w.l(memseta.o)
    0x0800032a   0x0000014e   Code   RO         4822    .text               mf_w.l(dadd.o)
    0x08000478   0x000000e4   Code   RO         4824    .text               mf_w.l(dmul.o)
    0x0800055c   0x000000de   Code   RO         4826    .text               mf_w.l(ddiv.o)
    0x0800063a   0x00000022   Code   RO         4830    .text               mf_w.l(dflti.o)
    0x0800065c   0x0000003e   Code   RO         4832    .text               mf_w.l(dfixi.o)
    0x0800069a   0x00000026   Code   RO         4834    .text               mf_w.l(f2d.o)
    0x080006c0   0x00000030   Code   RO         4836    .text               mf_w.l(cdrcmple.o)
    0x080006f0   0x00000038   Code   RO         4838    .text               mf_w.l(d2f.o)
    0x08000728   0x0000002c   Code   RO         4903    .text               mc_w.l(uidiv.o)
    0x08000754   0x0000001e   Code   RO         4905    .text               mc_w.l(llshl.o)
    0x08000772   0x00000020   Code   RO         4907    .text               mc_w.l(llushr.o)
    0x08000792   0x00000024   Code   RO         4909    .text               mc_w.l(llsshr.o)
    0x080007b6   0x00000000   Code   RO         4918    .text               mc_w.l(iusefp.o)
    0x080007b6   0x0000006e   Code   RO         4919    .text               mf_w.l(fepilogue.o)
    0x08000824   0x000000ba   Code   RO         4921    .text               mf_w.l(depilogue.o)
    0x080008de   0x00000030   Code   RO         4925    .text               mf_w.l(dfixul.o)
    0x0800090e   0x00000002   PAD
    0x08000910   0x00000024   Code   RO         4933    .text               mc_w.l(init.o)
    0x08000934   0x00000002   Code   RO         1337    i.BusFault_Handler  stm32f4xx_it.o
    0x08000936   0x00000002   PAD
    0x08000938   0x0000000c   Code   RO         1338    i.CAN1_RX0_IRQHandler  stm32f4xx_it.o
    0x08000944   0x0000000c   Code   RO         1339    i.CAN1_TX_IRQHandler  stm32f4xx_it.o
    0x08000950   0x00000214   Code   RO          686    i.Command           stmgood.o
    0x08000b64   0x00000030   Code   RO          687    i.CompStr           stmgood.o
    0x08000b94   0x00000016   Code   RO          688    i.CopyStr           stmgood.o
    0x08000baa   0x00000002   PAD
    0x08000bac   0x00000028   Code   RO         1340    i.DMA2_Stream1_IRQHandler  stm32f4xx_it.o
    0x08000bd4   0x00000020   Code   RO         1341    i.DMA2_Stream2_IRQHandler  stm32f4xx_it.o
    0x08000bf4   0x00000028   Code   RO         2154    i.DMA_CalcBaseAndBitshift  stm32f4xx_hal_dma.o
    0x08000c1c   0x00000054   Code   RO         2155    i.DMA_CheckFifoParam  stm32f4xx_hal_dma.o
    0x08000c70   0x00000028   Code   RO         2156    i.DMA_SetConfig     stm32f4xx_hal_dma.o
    0x08000c98   0x00000088   Code   RO          689    i.DealStr           stmgood.o
    0x08000d20   0x00000090   Code   RO          690    i.Dealdata          stmgood.o
    0x08000db0   0x00000002   Code   RO         1342    i.DebugMon_Handler  stm32f4xx_it.o
    0x08000db2   0x00000002   Code   RO         1064    i.Error_Handler     main.o
    0x08000db4   0x00000018   Code   RO          691    i.FirstSpace        stmgood.o
    0x08000dcc   0x00000024   Code   RO         1462    i.HAL_CAN_ActivateNotification  stm32f4xx_hal_can.o
    0x08000df0   0x000000c8   Code   RO         1463    i.HAL_CAN_AddTxMessage  stm32f4xx_hal_can.o
    0x08000eb8   0x0000010c   Code   RO         1464    i.HAL_CAN_ConfigFilter  stm32f4xx_hal_can.o
    0x08000fc4   0x00000002   Code   RO         1467    i.HAL_CAN_ErrorCallback  stm32f4xx_hal_can.o
    0x08000fc6   0x000000e8   Code   RO         1470    i.HAL_CAN_GetRxMessage  stm32f4xx_hal_can.o
    0x080010ae   0x000001fc   Code   RO         1474    i.HAL_CAN_IRQHandler  stm32f4xx_hal_can.o
    0x080012aa   0x0000011a   Code   RO         1475    i.HAL_CAN_Init      stm32f4xx_hal_can.o
    0x080013c4   0x0000008c   Code   RO         1128    i.HAL_CAN_MspInit   can.o
    0x08001450   0x00000002   Code   RO         1482    i.HAL_CAN_RxFifo0FullCallback  stm32f4xx_hal_can.o
    0x08001452   0x00000002   PAD
    0x08001454   0x00000098   Code   RO          308    i.HAL_CAN_RxFifo0MsgPendingCallback  bsp_can.o
    0x080014ec   0x00000002   Code   RO         1484    i.HAL_CAN_RxFifo1FullCallback  stm32f4xx_hal_can.o
    0x080014ee   0x00000002   Code   RO         1485    i.HAL_CAN_RxFifo1MsgPendingCallback  stm32f4xx_hal_can.o
    0x080014f0   0x00000002   Code   RO         1486    i.HAL_CAN_SleepCallback  stm32f4xx_hal_can.o
    0x080014f2   0x00000002   PAD
    0x080014f4   0x00000058   Code   RO         1487    i.HAL_CAN_Start     stm32f4xx_hal_can.o
    0x0800154c   0x00000002   Code   RO         1489    i.HAL_CAN_TxMailbox0AbortCallback  stm32f4xx_hal_can.o
    0x0800154e   0x00000002   Code   RO         1490    i.HAL_CAN_TxMailbox0CompleteCallback  stm32f4xx_hal_can.o
    0x08001550   0x00000002   Code   RO         1491    i.HAL_CAN_TxMailbox1AbortCallback  stm32f4xx_hal_can.o
    0x08001552   0x00000002   Code   RO         1492    i.HAL_CAN_TxMailbox1CompleteCallback  stm32f4xx_hal_can.o
    0x08001554   0x00000002   Code   RO         1493    i.HAL_CAN_TxMailbox2AbortCallback  stm32f4xx_hal_can.o
    0x08001556   0x00000002   Code   RO         1494    i.HAL_CAN_TxMailbox2CompleteCallback  stm32f4xx_hal_can.o
    0x08001558   0x00000002   Code   RO         1496    i.HAL_CAN_WakeUpFromRxMsgCallback  stm32f4xx_hal_can.o
    0x0800155a   0x0000008e   Code   RO         2157    i.HAL_DMA_Abort     stm32f4xx_hal_dma.o
    0x080015e8   0x000001a0   Code   RO         2162    i.HAL_DMA_IRQHandler  stm32f4xx_hal_dma.o
    0x08001788   0x000000d4   Code   RO         2163    i.HAL_DMA_Init      stm32f4xx_hal_dma.o
    0x0800185c   0x00000078   Code   RO         2167    i.HAL_DMA_Start_IT  stm32f4xx_hal_dma.o
    0x080018d4   0x00000024   Code   RO         2576    i.HAL_Delay         stm32f4xx_hal.o
    0x080018f8   0x000001b0   Code   RO         2050    i.HAL_GPIO_Init     stm32f4xx_hal_gpio.o
    0x08001aa8   0x0000000e   Code   RO         2053    i.HAL_GPIO_TogglePin  stm32f4xx_hal_gpio.o
    0x08001ab6   0x0000000a   Code   RO         2054    i.HAL_GPIO_WritePin  stm32f4xx_hal_gpio.o
    0x08001ac0   0x0000000c   Code   RO         2582    i.HAL_GetTick       stm32f4xx_hal.o
    0x08001acc   0x00000010   Code   RO         2588    i.HAL_IncTick       stm32f4xx_hal.o
    0x08001adc   0x00000034   Code   RO         2589    i.HAL_Init          stm32f4xx_hal.o
    0x08001b10   0x00000040   Code   RO         2590    i.HAL_InitTick      stm32f4xx_hal.o
    0x08001b50   0x00000038   Code   RO         1437    i.HAL_MspInit       stm32f4xx_hal_msp.o
    0x08001b88   0x0000001a   Code   RO         2439    i.HAL_NVIC_EnableIRQ  stm32f4xx_hal_cortex.o
    0x08001ba2   0x00000002   PAD
    0x08001ba4   0x00000040   Code   RO         2445    i.HAL_NVIC_SetPriority  stm32f4xx_hal_cortex.o
    0x08001be4   0x00000024   Code   RO         2446    i.HAL_NVIC_SetPriorityGrouping  stm32f4xx_hal_cortex.o
    0x08001c08   0x00000130   Code   RO         1696    i.HAL_RCC_ClockConfig  stm32f4xx_hal_rcc.o
    0x08001d38   0x00000020   Code   RO         1703    i.HAL_RCC_GetPCLK1Freq  stm32f4xx_hal_rcc.o
    0x08001d58   0x00000020   Code   RO         1704    i.HAL_RCC_GetPCLK2Freq  stm32f4xx_hal_rcc.o
    0x08001d78   0x00000064   Code   RO         1705    i.HAL_RCC_GetSysClockFreq  stm32f4xx_hal_rcc.o
    0x08001ddc   0x0000031c   Code   RO         1708    i.HAL_RCC_OscConfig  stm32f4xx_hal_rcc.o
    0x080020f8   0x00000028   Code   RO         2450    i.HAL_SYSTICK_Config  stm32f4xx_hal_cortex.o
    0x08002120   0x00000058   Code   RO         2879    i.HAL_UART_DMAStop  stm32f4xx_hal_uart.o
    0x08002178   0x00000012   Code   RO          409    i.HAL_UART_ErrorCallback  bsp_uart.o
    0x0800218a   0x00000062   Code   RO         2885    i.HAL_UART_Init     stm32f4xx_hal_uart.o
    0x080021ec   0x00000138   Code   RO         1290    i.HAL_UART_MspInit  usart.o
    0x08002324   0x00000098   Code   RO         2889    i.HAL_UART_Receive_DMA  stm32f4xx_hal_uart.o
    0x080023bc   0x00000002   Code   RO         2891    i.HAL_UART_RxCpltCallback  stm32f4xx_hal_uart.o
    0x080023be   0x00000002   Code   RO         2892    i.HAL_UART_RxHalfCpltCallback  stm32f4xx_hal_uart.o
    0x080023c0   0x00000002   Code   RO         1343    i.HardFault_Handler  stm32f4xx_it.o
    0x080023c2   0x00000002   PAD
    0x080023c4   0x00000048   Code   RO         1129    i.MX_CAN1_Init      can.o
    0x0800240c   0x0000003c   Code   RO         1169    i.MX_DMA_Init       dma.o
    0x08002448   0x00000054   Code   RO         1193    i.MX_FREERTOS_Init  freertos.o
    0x0800249c   0x00000080   Code   RO         1103    i.MX_GPIO_Init      gpio.o
    0x0800251c   0x00000040   Code   RO         1291    i.MX_USART1_UART_Init  usart.o
    0x0800255c   0x00000038   Code   RO         1292    i.MX_USART6_UART_Init  usart.o
    0x08002594   0x00000002   Code   RO         1344    i.MemManage_Handler  stm32f4xx_it.o
    0x08002596   0x00000002   Code   RO         1345    i.NMI_Handler       stm32f4xx_it.o
    0x08002598   0x0000001e   Code   RO          590    i.PID_struct_init   pid.o
    0x080025b6   0x00000050   Code   RO          692    i.SplitStr          stmgood.o
    0x08002606   0x00000002   PAD
    0x08002608   0x000002a4   Code   RO         1194    i.StartDefaultTask  freertos.o
    0x080028ac   0x00000134   Code   RO          693    i.StrToFloat        stmgood.o
    0x080029e0   0x00000010   Code   RO          695    i.Strlen            stmgood.o
    0x080029f0   0x00000028   Code   RO          696    i.SubStr            stmgood.o
    0x08002a18   0x00000018   Code   RO         1346    i.SysTick_Handler   stm32f4xx_it.o
    0x08002a30   0x00000088   Code   RO         1065    i.SystemClock_Config  main.o
    0x08002ab8   0x00000054   Code   RO         3187    i.SystemInit        system_stm32f4xx.o
    0x08002b0c   0x0000004a   Code   RO         2899    i.UART_DMAError     stm32f4xx_hal_uart.o
    0x08002b56   0x0000003c   Code   RO         2900    i.UART_DMAReceiveCplt  stm32f4xx_hal_uart.o
    0x08002b92   0x0000000a   Code   RO         2902    i.UART_DMARxHalfCplt  stm32f4xx_hal_uart.o
    0x08002b9c   0x0000001c   Code   RO         2908    i.UART_EndRxTransfer  stm32f4xx_hal_uart.o
    0x08002bb8   0x00000012   Code   RO         2909    i.UART_EndTxTransfer  stm32f4xx_hal_uart.o
    0x08002bca   0x00000002   PAD
    0x08002bcc   0x00000078   Code   RO          410    i.UART_RX_IDLE_IRQ  bsp_uart.o
    0x08002c44   0x000002ac   Code   RO         2911    i.UART_SetConfig    stm32f4xx_hal_uart.o
    0x08002ef0   0x0000000c   Code   RO         1347    i.USART1_IRQHandler  stm32f4xx_it.o
    0x08002efc   0x0000000c   Code   RO         1348    i.USART6_IRQHandler  stm32f4xx_it.o
    0x08002f08   0x00000002   Code   RO         1349    i.UsageFault_Handler  stm32f4xx_it.o
    0x08002f0a   0x00000002   PAD
    0x08002f0c   0x00000020   Code   RO         4794    i.__0printf         mc_w.l(printfa.o)
    0x08002f2c   0x00000020   Code   RO         2452    i.__NVIC_SetPriority  stm32f4xx_hal_cortex.o
    0x08002f4c   0x00000014   Code   RO         4518    i.__hardfp_fabs     m_wm.l(fabs.o)
    0x08002f60   0x0000000e   Code   RO         4937    i.__scatterload_copy  mc_w.l(handlers.o)
    0x08002f6e   0x00000002   Code   RO         4938    i.__scatterload_null  mc_w.l(handlers.o)
    0x08002f70   0x0000000e   Code   RO         4939    i.__scatterload_zeroinit  mc_w.l(handlers.o)
    0x08002f7e   0x00000002   PAD
    0x08002f80   0x00000164   Code   RO         4801    i._fp_digits        mc_w.l(printfa.o)
    0x080030e4   0x000006dc   Code   RO         4802    i._printf_core      mc_w.l(printfa.o)
    0x080037c0   0x00000024   Code   RO         4803    i._printf_post_padding  mc_w.l(printfa.o)
    0x080037e4   0x0000002e   Code   RO         4804    i._printf_pre_padding  mc_w.l(printfa.o)
    0x08003812   0x00000002   PAD
    0x08003814   0x00000050   Code   RO          235    i.can_debug         info_handle_task.o
    0x08003864   0x00000030   Code   RO          309    i.can_device_init   bsp_can.o
    0x08003894   0x00000018   Code   RO          310    i.can_receive_start  bsp_can.o
    0x080038ac   0x000000b0   Code   RO           13    i.chassis_link_handle  chassis_task.o
    0x0800395c   0x000000b8   Code   RO           14    i.chassis_param_init  chassis_task.o
    0x08003a14   0x00000118   Code   RO           15    i.chassis_task      chassis_task.o
    0x08003b2c   0x00000210   Code   RO          703    i.cmd               stmgood.o
    0x08003d3c   0x00000018   Code   RO          411    i.fputc             bsp_uart.o
    0x08003d54   0x00000064   Code   RO          236    i.get_main_ctrl_mode  info_handle_task.o
    0x08003db8   0x00000010   Code   RO          705    i.go1               stmgood.o
    0x08003dc8   0x0000005c   Code   RO          312    i.gyro_data_handle  bsp_can.o
    0x08003e24   0x0000001c   Code   RO          238    i.info_handle_task  info_handle_task.o
    0x08003e40   0x0000005c   Code   RO         1066    i.main              main.o
    0x08003e9c   0x0000000c   Code   RO         3989    i.makeFreeRtosPriority  cmsis_os.o
    0x08003ea8   0x00000100   Code   RO           17    i.mecanum_algorithm  chassis_task.o
    0x08003fa8   0x00000018   Code   RO          239    i.moto_info_init    info_handle_task.o
    0x08003fc0   0x00000080   Code   RO          712    i.multi1            stmgood.o
    0x08004040   0x0000003c   Code   RO          713    i.multi2            stmgood.o
    0x0800407c   0x0000003c   Code   RO          714    i.multi3            stmgood.o
    0x080040b8   0x0000000e   Code   RO         3991    i.osDelay           cmsis_os.o
    0x080040c6   0x0000000e   Code   RO         3992    i.osDelayUntil      cmsis_os.o
    0x080040d4   0x0000000a   Code   RO         3994    i.osKernelStart     cmsis_os.o
    0x080040de   0x00000054   Code   RO         4028    i.osThreadCreate    cmsis_os.o
    0x08004132   0x00000006   Code   RO          591    i.pid_adjust        pid.o
    0x08004138   0x00000188   Code   RO          592    i.pid_ast           pid.o
    0x080042c0   0x00000070   Code   RO         3680    i.prvAddCurrentTaskToDelayedList  tasks.o
    0x08004330   0x000000d0   Code   RO         3681    i.prvAddNewTaskToReadyList  tasks.o
    0x08004400   0x00000034   Code   RO         3682    i.prvDeleteTCB      tasks.o
    0x08004434   0x0000004c   Code   RO         4356    i.prvHeapInit       heap_4.o
    0x08004480   0x00000060   Code   RO         3683    i.prvIdleTask       tasks.o
    0x080044e0   0x0000008e   Code   RO         3684    i.prvInitialiseNewTask  tasks.o
    0x0800456e   0x00000002   PAD
    0x08004570   0x0000004c   Code   RO         4357    i.prvInsertBlockIntoFreeList  heap_4.o
    0x080045bc   0x00000020   Code   RO         3685    i.prvResetNextTaskUnblockTime  tasks.o
    0x080045dc   0x00000028   Code   RO         4418    i.prvTaskExitError  port.o
    0x08004604   0x000000d8   Code   RO         4358    i.pvPortMalloc      heap_4.o
    0x080046dc   0x0000002c   Code   RO         4419    i.pxPortInitialiseStack  port.o
    0x08004708   0x000000e0   Code   RO          471    i.rc_callback_handle  dr16_decode.o
    0x080047e8   0x00000018   Code   RO          472    i.rc_init           dr16_decode.o
    0x08004800   0x000000b4   Code   RO          240    i.rc_target_handle  info_handle_task.o
    0x080048b4   0x00000048   Code   RO          313    i.send_chassis_cur  bsp_can.o
    0x080048fc   0x00000040   Code   RO          412    i.uart1_device_init  bsp_uart.o
    0x0800493c   0x00000040   Code   RO          413    i.uart6_device_init  bsp_uart.o
    0x0800497c   0x00000026   Code   RO         3325    i.uxListRemove      list.o
    0x080049a2   0x00000002   PAD
    0x080049a4   0x00000014   Code   RO         1197    i.vApplicationGetIdleTaskMemory  freertos.o
    0x080049b8   0x00000002   Code   RO         1198    i.vApplicationStackOverflowHook  freertos.o
    0x080049ba   0x00000016   Code   RO         3326    i.vListInitialise   list.o
    0x080049d0   0x00000006   Code   RO         3327    i.vListInitialiseItem  list.o
    0x080049d6   0x00000030   Code   RO         3328    i.vListInsert       list.o
    0x08004a06   0x00000018   Code   RO         3329    i.vListInsertEnd    list.o
    0x08004a1e   0x00000002   PAD
    0x08004a20   0x00000040   Code   RO         4421    i.vPortEnterCritical  port.o
    0x08004a60   0x00000028   Code   RO         4422    i.vPortExitCritical  port.o
    0x08004a88   0x0000005c   Code   RO         4359    i.vPortFree         heap_4.o
    0x08004ae4   0x00000024   Code   RO         4423    i.vPortSetupTimerInterrupt  port.o
    0x08004b08   0x0000004c   Code   RO         3693    i.vTaskDelay        tasks.o
    0x08004b54   0x0000008c   Code   RO         3694    i.vTaskDelayUntil   tasks.o
    0x08004be0   0x0000006c   Code   RO         3707    i.vTaskStartScheduler  tasks.o
    0x08004c4c   0x00000010   Code   RO         3709    i.vTaskSuspendAll   tasks.o
    0x08004c5c   0x00000074   Code   RO         3710    i.vTaskSwitchContext  tasks.o
    0x08004cd0   0x000000f4   Code   RO         4425    i.xPortStartScheduler  port.o
    0x08004dc4   0x0000002c   Code   RO         4426    i.xPortSysTickHandler  port.o
    0x08004df0   0x0000005a   Code   RO         3712    i.xTaskCreate       tasks.o
    0x08004e4a   0x00000056   Code   RO         3713    i.xTaskCreateStatic  tasks.o
    0x08004ea0   0x0000001c   Code   RO         3717    i.xTaskGetSchedulerState  tasks.o
    0x08004ebc   0x0000000c   Code   RO         3718    i.xTaskGetTickCount  tasks.o
    0x08004ec8   0x000000c8   Code   RO         3720    i.xTaskIncrementTick  tasks.o
    0x08004f90   0x000000c4   Code   RO         3726    i.xTaskResumeAll    tasks.o
    0x08005054   0x00000054   Data   RO         1200    .constdata          freertos.o
    0x080050a8   0x00000008   Data   RO         2169    .constdata          stm32f4xx_hal_dma.o
    0x080050b0   0x00000010   Data   RO         3188    .constdata          system_stm32f4xx.o
    0x080050c0   0x00000008   Data   RO         3189    .constdata          system_stm32f4xx.o
    0x080050c8   0x00000024   Data   RO         1201    .conststring        freertos.o
    0x080050ec   0x00000020   Data   RO         4935    Region$$Table       anon$$obj.o


    Execution Region RW_IRAM1 (Base: 0x20000000, Size: 0x00004ec8, Max: 0x00020000, ABSOLUTE)

    Base Addr    Size         Type   Attr      Idx    E Section Name        Object

    0x20000000   0x00000004   Data   RW          242    .data               info_handle_task.o
    0x20000004   0x00000010   Data   RW          317    .data               bsp_can.o
    0x20000014   0x00000028   Data   RW          751    .data               stmgood.o
    0x2000003c   0x0000000c   Data   RW         1202    .data               freertos.o
    0x20000048   0x0000000c   Data   RW         2596    .data               stm32f4xx_hal.o
    0x20000054   0x00000004   Data   RW         3190    .data               system_stm32f4xx.o
    0x20000058   0x0000003c   Data   RW         3729    .data               tasks.o
    0x20000094   0x00000018   Data   RW         4364    .data               heap_4.o
    0x200000ac   0x0000000c   Data   RW         4427    .data               port.o
    0x200000b8   0x00000004   Data   RW         4902    .data               mc_w.l(stdout.o)
    0x200000bc   0x00000018   Zero   RW           18    .bss                chassis_task.o
    0x200000d4   0x000000e8   Zero   RW          241    .bss                info_handle_task.o
    0x200001bc   0x000001dc   Zero   RW          316    .bss                bsp_can.o
    0x20000398   0x00000064   Zero   RW          416    .bss                bsp_uart.o
    0x200003fc   0x00000014   Zero   RW          473    .bss                dr16_decode.o
    0x20000410   0x00000012   Zero   RW          474    .bss                dr16_decode.o
    0x20000422   0x00000002   PAD
    0x20000424   0x00000138   Zero   RW          606    .bss                pid.o
    0x2000055c   0x00000034   Zero   RW          608    .bss                pid.o
    0x20000590   0x00000034   Zero   RW          609    .bss                pid.o
    0x200005c4   0x00000004   PAD
    0x200005c8   0x00000450   Zero   RW          750    .bss                stmgood.o
    0x20000a18   0x00000028   Zero   RW         1130    .bss                can.o
    0x20000a40   0x00000254   Zero   RW         1199    .bss                freertos.o
    0x20000c94   0x00000140   Zero   RW         1293    .bss                usart.o
    0x20000dd4   0x000000f0   Zero   RW         3728    .bss                tasks.o
    0x20000ec4   0x00003c00   Zero   RW         4363    .bss                heap_4.o
    0x20004ac4   0x00000004   PAD
    0x20004ac8   0x00000400   Zero   RW            1    STACK               startup_stm32f407xx.o


==============================================================================

Image component sizes


      Code (inc. data)   RO Data    RW Data    ZI Data      Debug   Object Name

       388         54          0         16        476       8813   bsp_can.o
       290         56          0          0        100       3550   bsp_uart.o
       212         24          0          0         40       1617   can.o
       896        112          0          0         24     705236   chassis_task.o
       134          0          0          0          0      22832   cmsis_os.o
        60          4          0          0          0        754   dma.o
       248         10          0          0         38       2707   dr16_decode.o
         0          0          0          0          0      18068   event_groups.o
       782        434        120         12        596       3358   freertos.o
       128         10          0          0          0        923   gpio.o
       460         24          0         24      15360       7063   heap_4.o
       412         60          0          4        232       4514   info_handle_task.o
       138          0          0          0          0       3342   list.o
       230         10          0          0          0       2228   main.o
       428         10          0          0        416       3669   pid.o
       702         72          0         12          0      11008   port.o
        36          8        392          0       1024        832   startup_stm32f407xx.o
       180         28          0         12          0       4481   stm32f4xx_hal.o
      1638          6          0          0          0      13275   stm32f4xx_hal_can.o
       198         14          0          0          0      33571   stm32f4xx_hal_cortex.o
      1054         16          8          0          0       5899   stm32f4xx_hal_dma.o
       456         44          0          0          0       2761   stm32f4xx_hal_gpio.o
        56          4          0          0          0        830   stm32f4xx_hal_msp.o
      1264         80          0          0          0       4924   stm32f4xx_hal_rcc.o
      1216         22          0          0          0       7286   stm32f4xx_hal_uart.o
       156         48          0          0          0       6594   stm32f4xx_it.o
      2142        320          0         40       1104      10775   stmgood.o
         0          0          0          0          0        384   stream_buffer.o
        84         18         24          4          0       1147   system_stm32f4xx.o
      1710        130          0         60        240      17773   tasks.o
       432         50          0          0        320       2469   usart.o

    ----------------------------------------------------------------------
     16156       1668        576        184      19980     912683   Object Totals
         0          0         32          0          0          0   (incl. Generated)
        26          0          0          0         10          0   (incl. Padding)

    ----------------------------------------------------------------------

      Code (inc. data)   RO Data    RW Data    ZI Data      Debug   Library Member Name

        20          0          0          0          0        124   fabs.o
         0          0          0          0          0          0   entry.o
         0          0          0          0          0          0   entry10a.o
         0          0          0          0          0          0   entry11a.o
         8          4          0          0          0          0   entry2.o
         4          0          0          0          0          0   entry5.o
         0          0          0          0          0          0   entry7b.o
         0          0          0          0          0          0   entry8b.o
         8          4          0          0          0          0   entry9a.o
        30          0          0          0          0          0   handlers.o
        36          8          0          0          0         68   init.o
         0          0          0          0          0          0   iusefp.o
        30          0          0          0          0         68   llshl.o
        36          0          0          0          0         68   llsshr.o
        32          0          0          0          0         68   llushr.o
        36          0          0          0          0         68   memcpya.o
        36          0          0          0          0        108   memseta.o
      2226         90          0          0          0        444   printfa.o
         0          0          0          4          0          0   stdout.o
        44          0          0          0          0         80   uidiv.o
        98          0          0          0          0         92   uldiv.o
        48          0          0          0          0         68   cdrcmple.o
        56          0          0          0          0         88   d2f.o
       334          0          0          0          0        148   dadd.o
       222          0          0          0          0        100   ddiv.o
       186          0          0          0          0        176   depilogue.o
        62          0          0          0          0         80   dfixi.o
        48          0          0          0          0         68   dfixul.o
        34          0          0          0          0         76   dflti.o
       228          0          0          0          0         96   dmul.o
        38          0          0          0          0         68   f2d.o
       110          0          0          0          0        168   fepilogue.o

    ----------------------------------------------------------------------
      4016        106          0          4          0       2324   Library Totals
         6          0          0          0          0          0   (incl. Padding)

    ----------------------------------------------------------------------

      Code (inc. data)   RO Data    RW Data    ZI Data      Debug   Library Name

        20          0          0          0          0        124   m_wm.l
      2624        106          0          4          0       1064   mc_w.l
      1366          0          0          0          0       1136   mf_w.l

    ----------------------------------------------------------------------
      4016        106          0          4          0       2324   Library Totals

    ----------------------------------------------------------------------

==============================================================================


      Code (inc. data)   RO Data    RW Data    ZI Data      Debug   

     20172       1774        576        188      19980     899019   Grand Totals
     20172       1774        576        188      19980     899019   ELF Image Totals
     20172       1774        576        188          0          0   ROM Totals

==============================================================================

    Total RO  Size (Code + RO Data)                20748 (  20.26kB)
    Total RW  Size (RW Data + ZI Data)             20168 (  19.70kB)
    Total ROM Size (Code + RO Data + RW Data)      20936 (  20.45kB)

==============================================================================

